Archive member included because of file (symbol)

C:\Users\13181680\Downloads\Lab0\Library\libLab0.a(LEDs.o)
                              ./Sources/main.o (LEDs_Init)
C:\Users\13181680\Downloads\Lab0\Library\libLab0.a(buttons.o)
                              ./Sources/main.o (Buttons_Init)
C:\Users\13181680\Downloads\Lab0\Library\libLab0.a(timer.o)
                              ./Sources/main.o (Timer_Init)
c:/freescale/kds_3.0.0/toolchain/bin/../lib/gcc/arm-none-eabi/4.8.4/../../../../arm-none-eabi/lib/armv7e-m/fpu\libg_s.a(lib_a-exit.o)
                              c:/freescale/kds_3.0.0/toolchain/bin/../lib/gcc/arm-none-eabi/4.8.4/../../../../arm-none-eabi/lib/armv7e-m/fpu/crt0.o (exit)
c:/freescale/kds_3.0.0/toolchain/bin/../lib/gcc/arm-none-eabi/4.8.4/../../../../arm-none-eabi/lib/armv7e-m/fpu\libg_s.a(lib_a-impure.o)
                              c:/freescale/kds_3.0.0/toolchain/bin/../lib/gcc/arm-none-eabi/4.8.4/../../../../arm-none-eabi/lib/armv7e-m/fpu\libg_s.a(lib_a-exit.o) (_global_impure_ptr)
c:/freescale/kds_3.0.0/toolchain/bin/../lib/gcc/arm-none-eabi/4.8.4/../../../../arm-none-eabi/lib/armv7e-m/fpu\libg_s.a(lib_a-init.o)
                              c:/freescale/kds_3.0.0/toolchain/bin/../lib/gcc/arm-none-eabi/4.8.4/../../../../arm-none-eabi/lib/armv7e-m/fpu/crt0.o (__libc_init_array)
c:/freescale/kds_3.0.0/toolchain/bin/../lib/gcc/arm-none-eabi/4.8.4/../../../../arm-none-eabi/lib/armv7e-m/fpu\libg_s.a(lib_a-memset.o)
                              c:/freescale/kds_3.0.0/toolchain/bin/../lib/gcc/arm-none-eabi/4.8.4/../../../../arm-none-eabi/lib/armv7e-m/fpu/crt0.o (memset)
c:/freescale/kds_3.0.0/toolchain/bin/../lib/gcc/arm-none-eabi/4.8.4/../../../../arm-none-eabi/lib/armv7e-m/fpu\libnosys.a(_exit.o)
                              c:/freescale/kds_3.0.0/toolchain/bin/../lib/gcc/arm-none-eabi/4.8.4/../../../../arm-none-eabi/lib/armv7e-m/fpu\libg_s.a(lib_a-exit.o) (_exit)

Allocating common symbols
Common symbol       size              file

Array               0x14              ./Sources/FIFO.o
timeToStore         0x6               ./Sources/main.o
SR_reg              0x1               ./Generated_Code/Cpu.o

Discarded input sections

 .text          0x00000000        0x0 c:/freescale/kds_3.0.0/toolchain/bin/../lib/gcc/arm-none-eabi/4.8.4/armv7e-m/fpu/crti.o
 .data          0x00000000        0x0 c:/freescale/kds_3.0.0/toolchain/bin/../lib/gcc/arm-none-eabi/4.8.4/armv7e-m/fpu/crti.o
 .bss           0x00000000        0x0 c:/freescale/kds_3.0.0/toolchain/bin/../lib/gcc/arm-none-eabi/4.8.4/armv7e-m/fpu/crti.o
 .data          0x00000000        0x4 c:/freescale/kds_3.0.0/toolchain/bin/../lib/gcc/arm-none-eabi/4.8.4/armv7e-m/fpu/crtbegin.o
 .data          0x00000000        0x0 c:/freescale/kds_3.0.0/toolchain/bin/../lib/gcc/arm-none-eabi/4.8.4/../../../../arm-none-eabi/lib/armv7e-m/fpu/crt0.o
 .bss           0x00000000        0x0 c:/freescale/kds_3.0.0/toolchain/bin/../lib/gcc/arm-none-eabi/4.8.4/../../../../arm-none-eabi/lib/armv7e-m/fpu/crt0.o
 .ARM.extab     0x00000000        0x0 c:/freescale/kds_3.0.0/toolchain/bin/../lib/gcc/arm-none-eabi/4.8.4/../../../../arm-none-eabi/lib/armv7e-m/fpu/crt0.o
 .group         0x00000000        0x8 ./Sources/Events.o
 .group         0x00000000        0x8 ./Sources/Events.o
 .group         0x00000000        0x8 ./Sources/Events.o
 .group         0x00000000        0x8 ./Sources/Events.o
 .group         0x00000000        0x8 ./Sources/Events.o
 .group         0x00000000        0x8 ./Sources/Events.o
 .group         0x00000000        0x8 ./Sources/Events.o
 .group         0x00000000        0x8 ./Sources/Events.o
 .group         0x00000000        0x8 ./Sources/Events.o
 .text          0x00000000        0x0 ./Sources/Events.o
 .data          0x00000000        0x0 ./Sources/Events.o
 .bss           0x00000000        0x0 ./Sources/Events.o
 .debug_info    0x00000000       0x7d ./Sources/Events.o
 .debug_abbrev  0x00000000       0x29 ./Sources/Events.o
 .debug_aranges
                0x00000000       0x18 ./Sources/Events.o
 .debug_macro   0x00000000       0x9f ./Sources/Events.o
 .debug_macro   0x00000000      0x850 ./Sources/Events.o
 .debug_macro   0x00000000       0x16 ./Sources/Events.o
 .debug_macro   0x00000000       0x44 ./Sources/Events.o
 .debug_macro   0x00000000      0x209 ./Sources/Events.o
 .debug_macro   0x00000000     0x17fa ./Sources/Events.o
 .debug_macro   0x00000000      0x14e ./Sources/Events.o
 .debug_macro   0x00000000       0x64 ./Sources/Events.o
 .debug_macro   0x00000000    0x174c1 ./Sources/Events.o
 .debug_macro   0x00000000       0x8e ./Sources/Events.o
 .debug_line    0x00000000      0x249 ./Sources/Events.o
 .debug_str     0x00000000    0x8a5b7 ./Sources/Events.o
 .comment       0x00000000       0x71 ./Sources/Events.o
 .ARM.attributes
                0x00000000       0x39 ./Sources/Events.o
 .group         0x00000000        0x8 ./Sources/FIFO.o
 .group         0x00000000        0x8 ./Sources/FIFO.o
 .group         0x00000000        0x8 ./Sources/FIFO.o
 .group         0x00000000        0x8 ./Sources/FIFO.o
 .text          0x00000000        0x0 ./Sources/FIFO.o
 .data          0x00000000        0x0 ./Sources/FIFO.o
 .bss           0x00000000        0x0 ./Sources/FIFO.o
 .debug_macro   0x00000000      0x850 ./Sources/FIFO.o
 .debug_macro   0x00000000       0x16 ./Sources/FIFO.o
 .debug_macro   0x00000000       0x44 ./Sources/FIFO.o
 .debug_macro   0x00000000      0x209 ./Sources/FIFO.o
 COMMON         0x00000000       0x14 ./Sources/FIFO.o
 .group         0x00000000        0x8 ./Sources/main.o
 .group         0x00000000        0x8 ./Sources/main.o
 .group         0x00000000        0x8 ./Sources/main.o
 .group         0x00000000        0x8 ./Sources/main.o
 .group         0x00000000        0x8 ./Sources/main.o
 .group         0x00000000        0x8 ./Sources/main.o
 .group         0x00000000        0x8 ./Sources/main.o
 .group         0x00000000        0x8 ./Sources/main.o
 .group         0x00000000        0x8 ./Sources/main.o
 .group         0x00000000        0x8 ./Sources/main.o
 .text          0x00000000        0x0 ./Sources/main.o
 .data          0x00000000        0x0 ./Sources/main.o
 .bss           0x00000000        0x0 ./Sources/main.o
 .debug_macro   0x00000000      0x850 ./Sources/main.o
 .debug_macro   0x00000000       0x16 ./Sources/main.o
 .debug_macro   0x00000000       0x44 ./Sources/main.o
 .debug_macro   0x00000000      0x209 ./Sources/main.o
 .debug_macro   0x00000000     0x17fa ./Sources/main.o
 .debug_macro   0x00000000      0x14e ./Sources/main.o
 .debug_macro   0x00000000       0x64 ./Sources/main.o
 .debug_macro   0x00000000    0x174c1 ./Sources/main.o
 .debug_macro   0x00000000       0x8e ./Sources/main.o
 .group         0x00000000        0x8 ./Project_Settings/Startup_Code/startup.o
 .group         0x00000000        0x8 ./Project_Settings/Startup_Code/startup.o
 .group         0x00000000        0x8 ./Project_Settings/Startup_Code/startup.o
 .group         0x00000000        0x8 ./Project_Settings/Startup_Code/startup.o
 .group         0x00000000        0x8 ./Project_Settings/Startup_Code/startup.o
 .group         0x00000000        0x8 ./Project_Settings/Startup_Code/startup.o
 .group         0x00000000        0x8 ./Project_Settings/Startup_Code/startup.o
 .group         0x00000000        0x8 ./Project_Settings/Startup_Code/startup.o
 .group         0x00000000        0x8 ./Project_Settings/Startup_Code/startup.o
 .group         0x00000000        0x8 ./Project_Settings/Startup_Code/startup.o
 .group         0x00000000        0x8 ./Project_Settings/Startup_Code/startup.o
 .group         0x00000000        0x8 ./Project_Settings/Startup_Code/startup.o
 .group         0x00000000        0x8 ./Project_Settings/Startup_Code/startup.o
 .group         0x00000000        0x8 ./Project_Settings/Startup_Code/startup.o
 .group         0x00000000        0x8 ./Project_Settings/Startup_Code/startup.o
 .group         0x00000000        0x8 ./Project_Settings/Startup_Code/startup.o
 .group         0x00000000        0x8 ./Project_Settings/Startup_Code/startup.o
 .group         0x00000000        0x8 ./Project_Settings/Startup_Code/startup.o
 .group         0x00000000        0x8 ./Project_Settings/Startup_Code/startup.o
 .text          0x00000000        0x0 ./Project_Settings/Startup_Code/startup.o
 .data          0x00000000        0x0 ./Project_Settings/Startup_Code/startup.o
 .bss           0x00000000        0x0 ./Project_Settings/Startup_Code/startup.o
 .text.__init_hardware
                0x00000000        0xc ./Project_Settings/Startup_Code/startup.o
 .text.__iar_program_start
                0x00000000        0xc ./Project_Settings/Startup_Code/startup.o
 .debug_macro   0x00000000      0x850 ./Project_Settings/Startup_Code/startup.o
 .debug_macro   0x00000000       0x16 ./Project_Settings/Startup_Code/startup.o
 .group         0x00000000        0x8 ./Generated_Code/Cpu.o
 .group         0x00000000        0x8 ./Generated_Code/Cpu.o
 .group         0x00000000        0x8 ./Generated_Code/Cpu.o
 .group         0x00000000        0x8 ./Generated_Code/Cpu.o
 .group         0x00000000        0x8 ./Generated_Code/Cpu.o
 .group         0x00000000        0x8 ./Generated_Code/Cpu.o
 .group         0x00000000        0x8 ./Generated_Code/Cpu.o
 .group         0x00000000        0x8 ./Generated_Code/Cpu.o
 .group         0x00000000        0x8 ./Generated_Code/Cpu.o
 .text          0x00000000        0x0 ./Generated_Code/Cpu.o
 .data          0x00000000        0x0 ./Generated_Code/Cpu.o
 .bss           0x00000000        0x0 ./Generated_Code/Cpu.o
 .bss.SR_lock   0x00000000        0x1 ./Generated_Code/Cpu.o
 .debug_macro   0x00000000      0x850 ./Generated_Code/Cpu.o
 .debug_macro   0x00000000       0x16 ./Generated_Code/Cpu.o
 .debug_macro   0x00000000       0x44 ./Generated_Code/Cpu.o
 .debug_macro   0x00000000      0x209 ./Generated_Code/Cpu.o
 .debug_macro   0x00000000     0x17fa ./Generated_Code/Cpu.o
 .debug_macro   0x00000000      0x14e ./Generated_Code/Cpu.o
 .debug_macro   0x00000000       0x64 ./Generated_Code/Cpu.o
 .debug_macro   0x00000000    0x174c1 ./Generated_Code/Cpu.o
 COMMON         0x00000000        0x1 ./Generated_Code/Cpu.o
 .group         0x00000000        0x8 ./Generated_Code/PE_LDD.o
 .group         0x00000000        0x8 ./Generated_Code/PE_LDD.o
 .group         0x00000000        0x8 ./Generated_Code/PE_LDD.o
 .group         0x00000000        0x8 ./Generated_Code/PE_LDD.o
 .group         0x00000000        0x8 ./Generated_Code/PE_LDD.o
 .group         0x00000000        0x8 ./Generated_Code/PE_LDD.o
 .group         0x00000000        0x8 ./Generated_Code/PE_LDD.o
 .group         0x00000000        0x8 ./Generated_Code/PE_LDD.o
 .group         0x00000000        0x8 ./Generated_Code/PE_LDD.o
 .text          0x00000000        0x0 ./Generated_Code/PE_LDD.o
 .data          0x00000000        0x0 ./Generated_Code/PE_LDD.o
 .bss           0x00000000        0x0 ./Generated_Code/PE_LDD.o
 .rodata.PE_CpuClockConfigurations
                0x00000000       0x28 ./Generated_Code/PE_LDD.o
 .text.PE_FillMemory
                0x00000000       0x24 ./Generated_Code/PE_LDD.o
 .text.PE_PeripheralUsed
                0x00000000       0x18 ./Generated_Code/PE_LDD.o
 .text.LDD_SetClockConfiguration
                0x00000000       0x14 ./Generated_Code/PE_LDD.o
 .debug_info    0x00000000      0x215 ./Generated_Code/PE_LDD.o
 .debug_abbrev  0x00000000       0xf3 ./Generated_Code/PE_LDD.o
 .debug_aranges
                0x00000000       0x30 ./Generated_Code/PE_LDD.o
 .debug_ranges  0x00000000       0x20 ./Generated_Code/PE_LDD.o
 .debug_macro   0x00000000       0x8f ./Generated_Code/PE_LDD.o
 .debug_macro   0x00000000      0x850 ./Generated_Code/PE_LDD.o
 .debug_macro   0x00000000       0x16 ./Generated_Code/PE_LDD.o
 .debug_macro   0x00000000       0x44 ./Generated_Code/PE_LDD.o
 .debug_macro   0x00000000      0x209 ./Generated_Code/PE_LDD.o
 .debug_macro   0x00000000     0x17fa ./Generated_Code/PE_LDD.o
 .debug_macro   0x00000000      0x14e ./Generated_Code/PE_LDD.o
 .debug_macro   0x00000000       0x64 ./Generated_Code/PE_LDD.o
 .debug_macro   0x00000000    0x174c1 ./Generated_Code/PE_LDD.o
 .debug_macro   0x00000000       0x8e ./Generated_Code/PE_LDD.o
 .debug_line    0x00000000      0x234 ./Generated_Code/PE_LDD.o
 .debug_str     0x00000000    0x8a74c ./Generated_Code/PE_LDD.o
 .comment       0x00000000       0x71 ./Generated_Code/PE_LDD.o
 .ARM.attributes
                0x00000000       0x39 ./Generated_Code/PE_LDD.o
 .debug_frame   0x00000000       0x64 ./Generated_Code/PE_LDD.o
 .group         0x00000000        0x8 ./Generated_Code/Vectors.o
 .group         0x00000000        0x8 ./Generated_Code/Vectors.o
 .group         0x00000000        0x8 ./Generated_Code/Vectors.o
 .group         0x00000000        0x8 ./Generated_Code/Vectors.o
 .group         0x00000000        0x8 ./Generated_Code/Vectors.o
 .group         0x00000000        0x8 ./Generated_Code/Vectors.o
 .group         0x00000000        0x8 ./Generated_Code/Vectors.o
 .group         0x00000000        0x8 ./Generated_Code/Vectors.o
 .group         0x00000000        0x8 ./Generated_Code/Vectors.o
 .group         0x00000000        0x8 ./Generated_Code/Vectors.o
 .text          0x00000000        0x0 ./Generated_Code/Vectors.o
 .data          0x00000000        0x0 ./Generated_Code/Vectors.o
 .bss           0x00000000        0x0 ./Generated_Code/Vectors.o
 .debug_macro   0x00000000      0x850 ./Generated_Code/Vectors.o
 .debug_macro   0x00000000       0x16 ./Generated_Code/Vectors.o
 .debug_macro   0x00000000       0x44 ./Generated_Code/Vectors.o
 .debug_macro   0x00000000      0x209 ./Generated_Code/Vectors.o
 .debug_macro   0x00000000     0x17fa ./Generated_Code/Vectors.o
 .debug_macro   0x00000000      0x14e ./Generated_Code/Vectors.o
 .debug_macro   0x00000000       0x64 ./Generated_Code/Vectors.o
 .debug_macro   0x00000000    0x174c1 ./Generated_Code/Vectors.o
 .debug_macro   0x00000000       0x8e ./Generated_Code/Vectors.o
 .debug_macro   0x00000000       0x22 ./Generated_Code/Vectors.o
 .group         0x00000000        0x8 C:\Users\13181680\Downloads\Lab0\Library\libLab0.a(LEDs.o)
 .group         0x00000000        0x8 C:\Users\13181680\Downloads\Lab0\Library\libLab0.a(LEDs.o)
 .group         0x00000000        0x8 C:\Users\13181680\Downloads\Lab0\Library\libLab0.a(LEDs.o)
 .group         0x00000000        0x8 C:\Users\13181680\Downloads\Lab0\Library\libLab0.a(LEDs.o)
 .group         0x00000000        0x8 C:\Users\13181680\Downloads\Lab0\Library\libLab0.a(LEDs.o)
 .group         0x00000000        0x8 C:\Users\13181680\Downloads\Lab0\Library\libLab0.a(LEDs.o)
 .text          0x00000000        0x0 C:\Users\13181680\Downloads\Lab0\Library\libLab0.a(LEDs.o)
 .data          0x00000000        0x0 C:\Users\13181680\Downloads\Lab0\Library\libLab0.a(LEDs.o)
 .bss           0x00000000        0x0 C:\Users\13181680\Downloads\Lab0\Library\libLab0.a(LEDs.o)
 .text.LEDs_On  0x00000000       0x1c C:\Users\13181680\Downloads\Lab0\Library\libLab0.a(LEDs.o)
 .text.LEDs_Off
                0x00000000       0x1c C:\Users\13181680\Downloads\Lab0\Library\libLab0.a(LEDs.o)
 .debug_macro   0x00000000      0x850 C:\Users\13181680\Downloads\Lab0\Library\libLab0.a(LEDs.o)
 .debug_macro   0x00000000       0x16 C:\Users\13181680\Downloads\Lab0\Library\libLab0.a(LEDs.o)
 .debug_macro   0x00000000       0x44 C:\Users\13181680\Downloads\Lab0\Library\libLab0.a(LEDs.o)
 .debug_macro   0x00000000      0x209 C:\Users\13181680\Downloads\Lab0\Library\libLab0.a(LEDs.o)
 .debug_macro   0x00000000       0x22 C:\Users\13181680\Downloads\Lab0\Library\libLab0.a(LEDs.o)
 .debug_macro   0x00000000    0x174c1 C:\Users\13181680\Downloads\Lab0\Library\libLab0.a(LEDs.o)
 .group         0x00000000        0x8 C:\Users\13181680\Downloads\Lab0\Library\libLab0.a(buttons.o)
 .group         0x00000000        0x8 C:\Users\13181680\Downloads\Lab0\Library\libLab0.a(buttons.o)
 .group         0x00000000        0x8 C:\Users\13181680\Downloads\Lab0\Library\libLab0.a(buttons.o)
 .group         0x00000000        0x8 C:\Users\13181680\Downloads\Lab0\Library\libLab0.a(buttons.o)
 .group         0x00000000        0x8 C:\Users\13181680\Downloads\Lab0\Library\libLab0.a(buttons.o)
 .group         0x00000000        0x8 C:\Users\13181680\Downloads\Lab0\Library\libLab0.a(buttons.o)
 .group         0x00000000        0x8 C:\Users\13181680\Downloads\Lab0\Library\libLab0.a(buttons.o)
 .group         0x00000000        0x8 C:\Users\13181680\Downloads\Lab0\Library\libLab0.a(buttons.o)
 .group         0x00000000        0x8 C:\Users\13181680\Downloads\Lab0\Library\libLab0.a(buttons.o)
 .group         0x00000000        0x8 C:\Users\13181680\Downloads\Lab0\Library\libLab0.a(buttons.o)
 .text          0x00000000        0x0 C:\Users\13181680\Downloads\Lab0\Library\libLab0.a(buttons.o)
 .data          0x00000000        0x0 C:\Users\13181680\Downloads\Lab0\Library\libLab0.a(buttons.o)
 .bss           0x00000000        0x0 C:\Users\13181680\Downloads\Lab0\Library\libLab0.a(buttons.o)
 .debug_macro   0x00000000      0x850 C:\Users\13181680\Downloads\Lab0\Library\libLab0.a(buttons.o)
 .debug_macro   0x00000000       0x16 C:\Users\13181680\Downloads\Lab0\Library\libLab0.a(buttons.o)
 .debug_macro   0x00000000       0x44 C:\Users\13181680\Downloads\Lab0\Library\libLab0.a(buttons.o)
 .debug_macro   0x00000000      0x209 C:\Users\13181680\Downloads\Lab0\Library\libLab0.a(buttons.o)
 .debug_macro   0x00000000       0x22 C:\Users\13181680\Downloads\Lab0\Library\libLab0.a(buttons.o)
 .debug_macro   0x00000000    0x174c1 C:\Users\13181680\Downloads\Lab0\Library\libLab0.a(buttons.o)
 .debug_macro   0x00000000      0x14e C:\Users\13181680\Downloads\Lab0\Library\libLab0.a(buttons.o)
 .debug_macro   0x00000000       0x64 C:\Users\13181680\Downloads\Lab0\Library\libLab0.a(buttons.o)
 .group         0x00000000        0x8 C:\Users\13181680\Downloads\Lab0\Library\libLab0.a(timer.o)
 .group         0x00000000        0x8 C:\Users\13181680\Downloads\Lab0\Library\libLab0.a(timer.o)
 .group         0x00000000        0x8 C:\Users\13181680\Downloads\Lab0\Library\libLab0.a(timer.o)
 .group         0x00000000        0x8 C:\Users\13181680\Downloads\Lab0\Library\libLab0.a(timer.o)
 .group         0x00000000        0x8 C:\Users\13181680\Downloads\Lab0\Library\libLab0.a(timer.o)
 .group         0x00000000        0x8 C:\Users\13181680\Downloads\Lab0\Library\libLab0.a(timer.o)
 .group         0x00000000        0x8 C:\Users\13181680\Downloads\Lab0\Library\libLab0.a(timer.o)
 .group         0x00000000        0x8 C:\Users\13181680\Downloads\Lab0\Library\libLab0.a(timer.o)
 .group         0x00000000        0x8 C:\Users\13181680\Downloads\Lab0\Library\libLab0.a(timer.o)
 .group         0x00000000        0x8 C:\Users\13181680\Downloads\Lab0\Library\libLab0.a(timer.o)
 .group         0x00000000        0x8 C:\Users\13181680\Downloads\Lab0\Library\libLab0.a(timer.o)
 .text          0x00000000        0x0 C:\Users\13181680\Downloads\Lab0\Library\libLab0.a(timer.o)
 .data          0x00000000        0x0 C:\Users\13181680\Downloads\Lab0\Library\libLab0.a(timer.o)
 .bss           0x00000000        0x0 C:\Users\13181680\Downloads\Lab0\Library\libLab0.a(timer.o)
 .debug_macro   0x00000000      0x850 C:\Users\13181680\Downloads\Lab0\Library\libLab0.a(timer.o)
 .debug_macro   0x00000000       0x16 C:\Users\13181680\Downloads\Lab0\Library\libLab0.a(timer.o)
 .debug_macro   0x00000000       0x16 C:\Users\13181680\Downloads\Lab0\Library\libLab0.a(timer.o)
 .debug_macro   0x00000000       0x44 C:\Users\13181680\Downloads\Lab0\Library\libLab0.a(timer.o)
 .debug_macro   0x00000000      0x209 C:\Users\13181680\Downloads\Lab0\Library\libLab0.a(timer.o)
 .debug_macro   0x00000000    0x174af C:\Users\13181680\Downloads\Lab0\Library\libLab0.a(timer.o)
 .debug_macro   0x00000000     0x1800 C:\Users\13181680\Downloads\Lab0\Library\libLab0.a(timer.o)
 .debug_macro   0x00000000      0x14e C:\Users\13181680\Downloads\Lab0\Library\libLab0.a(timer.o)
 .debug_macro   0x00000000       0x64 C:\Users\13181680\Downloads\Lab0\Library\libLab0.a(timer.o)
 .debug_macro   0x00000000       0x8e C:\Users\13181680\Downloads\Lab0\Library\libLab0.a(timer.o)
 .debug_macro   0x00000000       0x22 C:\Users\13181680\Downloads\Lab0\Library\libLab0.a(timer.o)
 .text          0x00000000        0x0 c:/freescale/kds_3.0.0/toolchain/bin/../lib/gcc/arm-none-eabi/4.8.4/../../../../arm-none-eabi/lib/armv7e-m/fpu\libg_s.a(lib_a-exit.o)
 .data          0x00000000        0x0 c:/freescale/kds_3.0.0/toolchain/bin/../lib/gcc/arm-none-eabi/4.8.4/../../../../arm-none-eabi/lib/armv7e-m/fpu\libg_s.a(lib_a-exit.o)
 .bss           0x00000000        0x0 c:/freescale/kds_3.0.0/toolchain/bin/../lib/gcc/arm-none-eabi/4.8.4/../../../../arm-none-eabi/lib/armv7e-m/fpu\libg_s.a(lib_a-exit.o)
 .text          0x00000000        0x0 c:/freescale/kds_3.0.0/toolchain/bin/../lib/gcc/arm-none-eabi/4.8.4/../../../../arm-none-eabi/lib/armv7e-m/fpu\libg_s.a(lib_a-impure.o)
 .data          0x00000000        0x0 c:/freescale/kds_3.0.0/toolchain/bin/../lib/gcc/arm-none-eabi/4.8.4/../../../../arm-none-eabi/lib/armv7e-m/fpu\libg_s.a(lib_a-impure.o)
 .bss           0x00000000        0x0 c:/freescale/kds_3.0.0/toolchain/bin/../lib/gcc/arm-none-eabi/4.8.4/../../../../arm-none-eabi/lib/armv7e-m/fpu\libg_s.a(lib_a-impure.o)
 .data._impure_ptr
                0x00000000        0x4 c:/freescale/kds_3.0.0/toolchain/bin/../lib/gcc/arm-none-eabi/4.8.4/../../../../arm-none-eabi/lib/armv7e-m/fpu\libg_s.a(lib_a-impure.o)
 .text          0x00000000        0x0 c:/freescale/kds_3.0.0/toolchain/bin/../lib/gcc/arm-none-eabi/4.8.4/../../../../arm-none-eabi/lib/armv7e-m/fpu\libg_s.a(lib_a-init.o)
 .data          0x00000000        0x0 c:/freescale/kds_3.0.0/toolchain/bin/../lib/gcc/arm-none-eabi/4.8.4/../../../../arm-none-eabi/lib/armv7e-m/fpu\libg_s.a(lib_a-init.o)
 .bss           0x00000000        0x0 c:/freescale/kds_3.0.0/toolchain/bin/../lib/gcc/arm-none-eabi/4.8.4/../../../../arm-none-eabi/lib/armv7e-m/fpu\libg_s.a(lib_a-init.o)
 .text          0x00000000        0x0 c:/freescale/kds_3.0.0/toolchain/bin/../lib/gcc/arm-none-eabi/4.8.4/../../../../arm-none-eabi/lib/armv7e-m/fpu\libg_s.a(lib_a-memset.o)
 .data          0x00000000        0x0 c:/freescale/kds_3.0.0/toolchain/bin/../lib/gcc/arm-none-eabi/4.8.4/../../../../arm-none-eabi/lib/armv7e-m/fpu\libg_s.a(lib_a-memset.o)
 .bss           0x00000000        0x0 c:/freescale/kds_3.0.0/toolchain/bin/../lib/gcc/arm-none-eabi/4.8.4/../../../../arm-none-eabi/lib/armv7e-m/fpu\libg_s.a(lib_a-memset.o)
 .text          0x00000000        0x0 c:/freescale/kds_3.0.0/toolchain/bin/../lib/gcc/arm-none-eabi/4.8.4/../../../../arm-none-eabi/lib/armv7e-m/fpu\libnosys.a(_exit.o)
 .data          0x00000000        0x0 c:/freescale/kds_3.0.0/toolchain/bin/../lib/gcc/arm-none-eabi/4.8.4/../../../../arm-none-eabi/lib/armv7e-m/fpu\libnosys.a(_exit.o)
 .bss           0x00000000        0x0 c:/freescale/kds_3.0.0/toolchain/bin/../lib/gcc/arm-none-eabi/4.8.4/../../../../arm-none-eabi/lib/armv7e-m/fpu\libnosys.a(_exit.o)
 .text          0x00000000        0x0 c:/freescale/kds_3.0.0/toolchain/bin/../lib/gcc/arm-none-eabi/4.8.4/armv7e-m/fpu/crtend.o
 .data          0x00000000        0x0 c:/freescale/kds_3.0.0/toolchain/bin/../lib/gcc/arm-none-eabi/4.8.4/armv7e-m/fpu/crtend.o
 .bss           0x00000000        0x0 c:/freescale/kds_3.0.0/toolchain/bin/../lib/gcc/arm-none-eabi/4.8.4/armv7e-m/fpu/crtend.o
 .eh_frame      0x00000000        0x4 c:/freescale/kds_3.0.0/toolchain/bin/../lib/gcc/arm-none-eabi/4.8.4/armv7e-m/fpu/crtend.o
 .jcr           0x00000000        0x4 c:/freescale/kds_3.0.0/toolchain/bin/../lib/gcc/arm-none-eabi/4.8.4/armv7e-m/fpu/crtend.o
 .ARM.attributes
                0x00000000       0x34 c:/freescale/kds_3.0.0/toolchain/bin/../lib/gcc/arm-none-eabi/4.8.4/armv7e-m/fpu/crtend.o
 .text          0x00000000        0x0 c:/freescale/kds_3.0.0/toolchain/bin/../lib/gcc/arm-none-eabi/4.8.4/armv7e-m/fpu/crtn.o
 .data          0x00000000        0x0 c:/freescale/kds_3.0.0/toolchain/bin/../lib/gcc/arm-none-eabi/4.8.4/armv7e-m/fpu/crtn.o
 .bss           0x00000000        0x0 c:/freescale/kds_3.0.0/toolchain/bin/../lib/gcc/arm-none-eabi/4.8.4/armv7e-m/fpu/crtn.o

Memory Configuration

Name             Origin             Length             Attributes
m_interrupts     0x00000000         0x000001e8         xr
m_text           0x00000410         0x000ffbf0         xr
m_data           0x1fff0000         0x00010000         rw
m_data_20000000  0x20000000         0x00010000         rw
m_cfmprotrom     0x00000400         0x00000010         xr
*default*        0x00000000         0xffffffff

Linker script and memory map

LOAD c:/freescale/kds_3.0.0/toolchain/bin/../lib/gcc/arm-none-eabi/4.8.4/armv7e-m/fpu/crti.o
LOAD c:/freescale/kds_3.0.0/toolchain/bin/../lib/gcc/arm-none-eabi/4.8.4/armv7e-m/fpu/crtbegin.o
LOAD c:/freescale/kds_3.0.0/toolchain/bin/../lib/gcc/arm-none-eabi/4.8.4/../../../../arm-none-eabi/lib/armv7e-m/fpu/crt0.o
LOAD ./Sources/Events.o
LOAD ./Sources/FIFO.o
LOAD ./Sources/main.o
LOAD ./Project_Settings/Startup_Code/startup.o
LOAD ./Generated_Code/Cpu.o
LOAD ./Generated_Code/PE_LDD.o
LOAD ./Generated_Code/Vectors.o
LOAD C:\Users\13181680\Downloads\Lab0\Library\libLab0.a
LOAD c:/freescale/kds_3.0.0/toolchain/bin/../lib/gcc/arm-none-eabi/4.8.4/../../../../arm-none-eabi/lib/armv7e-m/fpu\libstdc++_s.a
LOAD c:/freescale/kds_3.0.0/toolchain/bin/../lib/gcc/arm-none-eabi/4.8.4/../../../../arm-none-eabi/lib/armv7e-m/fpu\libm.a
START GROUP
LOAD c:/freescale/kds_3.0.0/toolchain/bin/../lib/gcc/arm-none-eabi/4.8.4/armv7e-m/fpu\libgcc.a
LOAD c:/freescale/kds_3.0.0/toolchain/bin/../lib/gcc/arm-none-eabi/4.8.4/../../../../arm-none-eabi/lib/armv7e-m/fpu\libg_s.a
LOAD c:/freescale/kds_3.0.0/toolchain/bin/../lib/gcc/arm-none-eabi/4.8.4/../../../../arm-none-eabi/lib/armv7e-m/fpu\libc_s.a
END GROUP
START GROUP
LOAD c:/freescale/kds_3.0.0/toolchain/bin/../lib/gcc/arm-none-eabi/4.8.4/armv7e-m/fpu\libgcc.a
LOAD c:/freescale/kds_3.0.0/toolchain/bin/../lib/gcc/arm-none-eabi/4.8.4/../../../../arm-none-eabi/lib/armv7e-m/fpu\libc_s.a
LOAD c:/freescale/kds_3.0.0/toolchain/bin/../lib/gcc/arm-none-eabi/4.8.4/../../../../arm-none-eabi/lib/armv7e-m/fpu\libnosys.a
END GROUP
START GROUP
LOAD c:/freescale/kds_3.0.0/toolchain/bin/../lib/gcc/arm-none-eabi/4.8.4/armv7e-m/fpu\libgcc.a
LOAD c:/freescale/kds_3.0.0/toolchain/bin/../lib/gcc/arm-none-eabi/4.8.4/../../../../arm-none-eabi/lib/armv7e-m/fpu\libc_s.a
LOAD c:/freescale/kds_3.0.0/toolchain/bin/../lib/gcc/arm-none-eabi/4.8.4/../../../../arm-none-eabi/lib/armv7e-m/fpu\libnosys.a
END GROUP
LOAD c:/freescale/kds_3.0.0/toolchain/bin/../lib/gcc/arm-none-eabi/4.8.4/armv7e-m/fpu/crtend.o
LOAD c:/freescale/kds_3.0.0/toolchain/bin/../lib/gcc/arm-none-eabi/4.8.4/armv7e-m/fpu/crtn.o
                0x20000000                _estack = 0x20000000
                0x20000000                __SP_INIT = _estack
                0x20000000                __stack = _estack
                0x00000000                __heap_size = 0x0
                0x00000400                __stack_size = 0x400

.interrupts     0x00000000      0x1e8
                0x00000000                __vector_table = .
                0x00000000                . = ALIGN (0x4)
 *(.vectortable)
 .vectortable   0x00000000      0x1e8 ./Generated_Code/Vectors.o
                0x00000000                __vect_table
                0x000001e8                . = ALIGN (0x4)

.cfmprotect     0x00000400       0x10
                0x00000400                . = ALIGN (0x4)
 *(.cfmconfig)
 .cfmconfig     0x00000400       0x10 ./Generated_Code/Cpu.o
                0x00000400                _cfm
                0x00000410                . = ALIGN (0x4)

.text           0x00000410      0x954
                0x00000410                . = ALIGN (0x4)
 *(.text)
 .text          0x00000410       0x54 c:/freescale/kds_3.0.0/toolchain/bin/../lib/gcc/arm-none-eabi/4.8.4/armv7e-m/fpu/crtbegin.o
 .text          0x00000464       0x74 c:/freescale/kds_3.0.0/toolchain/bin/../lib/gcc/arm-none-eabi/4.8.4/../../../../arm-none-eabi/lib/armv7e-m/fpu/crt0.o
                0x00000464                _start
                0x00000464                _mainCRTStartup
 *(.text*)
 .text.FIFO_Write
                0x000004d8       0x54 ./Sources/FIFO.o
                0x000004d8                FIFO_Write
 .text.OneSecondElapsed
                0x0000052c       0x68 ./Sources/main.o
 .text.Button1Pressed
                0x00000594       0x58 ./Sources/main.o
 .text.TowerInit
                0x000005ec       0x24 ./Sources/main.o
 .text.main     0x00000610        0xc ./Sources/main.o
                0x00000610                main
 .text.__copy_rom_section
                0x0000061c       0xe4 ./Project_Settings/Startup_Code/startup.o
                0x0000061c                __copy_rom_section
 .text.__copy_rom_sections_to_ram
                0x00000700       0x9c ./Project_Settings/Startup_Code/startup.o
                0x00000700                __copy_rom_sections_to_ram
 .text.__init_registers
                0x0000079c       0x20 ./Project_Settings/Startup_Code/startup.o
                0x0000079c                __init_registers
 .text.__init_user
                0x000007bc        0xc ./Project_Settings/Startup_Code/startup.o
                0x000007bc                __init_user
 .text.__thumb_startup
                0x000007c8       0x34 ./Project_Settings/Startup_Code/startup.o
                0x000007c8                __thumb_startup
 .text.Cpu_Interrupt
                0x000007fc       0x18 ./Generated_Code/Cpu.o
                0x000007fc                Cpu_Interrupt
 .text.__init_hardware
                0x00000814      0x150 ./Generated_Code/Cpu.o
                0x00000814                __init_hardware
 .text.Cpu_SetBASEPRI
                0x00000964       0x18 ./Generated_Code/Cpu.o
                0x00000964                Cpu_SetBASEPRI
 .text.PE_low_level_init
                0x0000097c       0xe4 ./Generated_Code/Cpu.o
                0x0000097c                PE_low_level_init
 .text.LEDs_Init
                0x00000a60       0x70 C:\Users\13181680\Downloads\Lab0\Library\libLab0.a(LEDs.o)
                0x00000a60                LEDs_Init
 .text.LEDs_Toggle
                0x00000ad0       0x1c C:\Users\13181680\Downloads\Lab0\Library\libLab0.a(LEDs.o)
                0x00000ad0                LEDs_Toggle
 .text.Buttons_Init
                0x00000aec       0xfc C:\Users\13181680\Downloads\Lab0\Library\libLab0.a(buttons.o)
                0x00000aec                Buttons_Init
 .text.PortE_ISR
                0x00000be8       0x4c C:\Users\13181680\Downloads\Lab0\Library\libLab0.a(buttons.o)
                0x00000be8                PortE_ISR
 .text.Timer_Init
                0x00000c34       0x40 C:\Users\13181680\Downloads\Lab0\Library\libLab0.a(timer.o)
                0x00000c34                Timer_Init
 .text.Timer_TickISR
                0x00000c74       0x48 C:\Users\13181680\Downloads\Lab0\Library\libLab0.a(timer.o)
                0x00000c74                Timer_TickISR
 .text.exit     0x00000cbc       0x28 c:/freescale/kds_3.0.0/toolchain/bin/../lib/gcc/arm-none-eabi/4.8.4/../../../../arm-none-eabi/lib/armv7e-m/fpu\libg_s.a(lib_a-exit.o)
                0x00000cbc                exit
 .text.__libc_init_array
                0x00000ce4       0x4c c:/freescale/kds_3.0.0/toolchain/bin/../lib/gcc/arm-none-eabi/4.8.4/../../../../arm-none-eabi/lib/armv7e-m/fpu\libg_s.a(lib_a-init.o)
                0x00000ce4                __libc_init_array
 .text.memset   0x00000d30       0x10 c:/freescale/kds_3.0.0/toolchain/bin/../lib/gcc/arm-none-eabi/4.8.4/../../../../arm-none-eabi/lib/armv7e-m/fpu\libg_s.a(lib_a-memset.o)
                0x00000d30                memset
 .text._exit    0x00000d40        0x4 c:/freescale/kds_3.0.0/toolchain/bin/../lib/gcc/arm-none-eabi/4.8.4/../../../../arm-none-eabi/lib/armv7e-m/fpu\libnosys.a(_exit.o)
                0x00000d40                _exit
 *(.rodata)
 *(.rodata*)
 .rodata.str1.1
                0x00000d44        0x2 c:/freescale/kds_3.0.0/toolchain/bin/../lib/gcc/arm-none-eabi/4.8.4/../../../../arm-none-eabi/lib/armv7e-m/fpu\libg_s.a(lib_a-impure.o)
 *fill*         0x00000d46        0x2 
 .rodata._global_impure_ptr
                0x00000d48        0x4 c:/freescale/kds_3.0.0/toolchain/bin/../lib/gcc/arm-none-eabi/4.8.4/../../../../arm-none-eabi/lib/armv7e-m/fpu\libg_s.a(lib_a-impure.o)
                0x00000d48                _global_impure_ptr
 *(.glue_7)
 .glue_7        0x00000000        0x0 linker stubs
 *(.glue_7t)
 .glue_7t       0x00000000        0x0 linker stubs
 *(.eh_frame)
 .eh_frame      0x00000d4c        0x0 c:/freescale/kds_3.0.0/toolchain/bin/../lib/gcc/arm-none-eabi/4.8.4/armv7e-m/fpu/crtbegin.o
 *(.init)
 .init          0x00000d4c        0x4 c:/freescale/kds_3.0.0/toolchain/bin/../lib/gcc/arm-none-eabi/4.8.4/armv7e-m/fpu/crti.o
                0x00000d4c                _init
 .init          0x00000d50        0x8 c:/freescale/kds_3.0.0/toolchain/bin/../lib/gcc/arm-none-eabi/4.8.4/armv7e-m/fpu/crtn.o
 *(.fini)
 .fini          0x00000d58        0x4 c:/freescale/kds_3.0.0/toolchain/bin/../lib/gcc/arm-none-eabi/4.8.4/armv7e-m/fpu/crti.o
                0x00000d58                _fini
 .fini          0x00000d5c        0x8 c:/freescale/kds_3.0.0/toolchain/bin/../lib/gcc/arm-none-eabi/4.8.4/armv7e-m/fpu/crtn.o
                0x00000d64                . = ALIGN (0x4)
                0x00000d64                _etext = .

.vfp11_veneer   0x00000d64        0x0
 .vfp11_veneer  0x00000000        0x0 linker stubs

.v4_bx          0x00000d64        0x0
 .v4_bx         0x00000000        0x0 linker stubs

.iplt           0x00000d64        0x0
 .iplt          0x00000000        0x0 c:/freescale/kds_3.0.0/toolchain/bin/../lib/gcc/arm-none-eabi/4.8.4/armv7e-m/fpu/crtbegin.o

.ARM.extab
 *(.ARM.extab* .gnu.linkonce.armextab.*)

.ARM            0x00000d64        0x8
                0x00000d64                __exidx_start = .
 *(.ARM.exidx*)
 .ARM.exidx     0x00000d64        0x8 c:/freescale/kds_3.0.0/toolchain/bin/../lib/gcc/arm-none-eabi/4.8.4/../../../../arm-none-eabi/lib/armv7e-m/fpu/crt0.o
                0x00000d6c                __exidx_end = .

.rel.dyn        0x00000d6c        0x0
 .rel.iplt      0x00000000        0x0 c:/freescale/kds_3.0.0/toolchain/bin/../lib/gcc/arm-none-eabi/4.8.4/armv7e-m/fpu/crtbegin.o

.ctors          0x00000d6c        0x0
                0x00000d6c                __CTOR_LIST__ = .
 *crtbegin.o(.ctors)
 *(EXCLUDE_FILE(*crtend.o) .ctors)
 *(SORT(.ctors.*))
 *(.ctors)
                0x00000d6c                __CTOR_END__ = .

.dtors          0x00000d6c        0x0
                0x00000d6c                __DTOR_LIST__ = .
 *crtbegin.o(.dtors)
 *(EXCLUDE_FILE(*crtend.o) .dtors)
 *(SORT(.dtors.*))
 *(.dtors)
                0x00000d6c                __DTOR_END__ = .

.preinit_array  0x00000d6c        0x0
                0x00000d6c                PROVIDE (__preinit_array_start, .)
 *(.preinit_array*)
                0x00000d6c                PROVIDE (__preinit_array_end, .)

.init_array     0x00000d6c        0x4
                0x00000d6c                PROVIDE (__init_array_start, .)
 *(SORT(.init_array.*))
 *(.init_array*)
 .init_array    0x00000d6c        0x4 c:/freescale/kds_3.0.0/toolchain/bin/../lib/gcc/arm-none-eabi/4.8.4/armv7e-m/fpu/crtbegin.o
                0x00000d70                PROVIDE (__init_array_end, .)

.fini_array     0x00000d70        0x4
                0x00000d70                PROVIDE (__fini_array_start, .)
 *(SORT(.fini_array.*))
 *(.fini_array*)
 .fini_array    0x00000d70        0x4 c:/freescale/kds_3.0.0/toolchain/bin/../lib/gcc/arm-none-eabi/4.8.4/armv7e-m/fpu/crtbegin.o
                0x00000d74                PROVIDE (__fini_array_end, .)
                0x00000d74                ___ROM_AT = .

.data           0x1fff0000       0x68 load address 0x00000d74
                0x1fff0000                . = ALIGN (0x4)
                0x1fff0000                _sdata = .
 *(.data)
 *(.data*)
 .data.Button1Setup
                0x1fff0000        0x8 C:\Users\13181680\Downloads\Lab0\Library\libLab0.a(buttons.o)
                0x1fff0000                Button1Setup
 .data.impure_data
                0x1fff0008       0x60 c:/freescale/kds_3.0.0/toolchain/bin/../lib/gcc/arm-none-eabi/4.8.4/../../../../arm-none-eabi/lib/armv7e-m/fpu\libg_s.a(lib_a-impure.o)
                0x1fff0068                . = ALIGN (0x4)
                0x1fff0068                _edata = .
                0x00000068                ___data_size = (_edata - _sdata)
                0x00000ddc                ___m_data_20000000_ROMStart = (___ROM_AT + SIZEOF (.data))

.jcr            0x1fff0068        0x0 load address 0x00000ddc
 .jcr           0x1fff0068        0x0 c:/freescale/kds_3.0.0/toolchain/bin/../lib/gcc/arm-none-eabi/4.8.4/armv7e-m/fpu/crtbegin.o

.igot.plt       0x1fff0068        0x0 load address 0x00000ddc
 .igot.plt      0x00000000        0x0 c:/freescale/kds_3.0.0/toolchain/bin/../lib/gcc/arm-none-eabi/4.8.4/armv7e-m/fpu/crtbegin.o

.m_data_20000000
                0x20000000        0x0 load address 0x00000ddc
                0x20000000                . = ALIGN (0x4)
                0x20000000                ___m_data_20000000_RAMStart = .
 *(.m_data_20000000)
                0x20000000                ___m_data_20000000_RAMEnd = .
                0x20000000                . = ALIGN (0x4)
                0x00000000                ___m_data_20000000_ROMSize = (___m_data_20000000_RAMEnd - ___m_data_20000000_RAMStart)
                0x20000000                . = ALIGN (0x4)

.bss            0x1fff0068       0x3c load address 0x00000ddc
                0x1fff0068                __START_BSS = .
                0x1fff0068                PROVIDE (__bss_start__, __START_BSS)
 *(.bss)
 .bss           0x1fff0068       0x1c c:/freescale/kds_3.0.0/toolchain/bin/../lib/gcc/arm-none-eabi/4.8.4/armv7e-m/fpu/crtbegin.o
 *(.bss*)
 .bss.Seconds   0x1fff0084        0x1 ./Sources/main.o
                0x1fff0084                Seconds
 .bss.Minutes   0x1fff0085        0x1 ./Sources/main.o
                0x1fff0085                Minutes
 .bss.Hours     0x1fff0086        0x1 ./Sources/main.o
                0x1fff0086                Hours
 .bss.i         0x1fff0087        0x1 ./Sources/main.o
                0x1fff0087                i
 .bss.ButtonSetup
                0x1fff0088        0x8 C:\Users\13181680\Downloads\Lab0\Library\libLab0.a(buttons.o)
 .bss.PcrPtr    0x1fff0090        0x4 C:\Users\13181680\Downloads\Lab0\Library\libLab0.a(buttons.o)
 .bss.UserFunction
                0x1fff0094        0x4 C:\Users\13181680\Downloads\Lab0\Library\libLab0.a(timer.o)
 .bss.count.6526
                0x1fff0098        0x1 C:\Users\13181680\Downloads\Lab0\Library\libLab0.a(timer.o)
 *(COMMON)
 *fill*         0x1fff0099        0x3 
 COMMON         0x1fff009c        0x6 ./Sources/main.o
                0x1fff009c                timeToStore
                0x1fff00a4                . = ALIGN (0x4)
 *fill*         0x1fff00a2        0x2 
                0x1fff00a4                __END_BSS = .
                0x1fff00a4                PROVIDE (__bss_end__, __END_BSS)
                0x00000ddc                _romp_at = ((___ROM_AT + SIZEOF (.data)) + SIZEOF (.m_data_20000000))

.romp           0x1fff00a4       0x24 load address 0x00000ddc
                0x00000ddc                __S_romp = _romp_at
                0x1fff00a4        0x4 LONG 0xd74 ___ROM_AT
                0x1fff00a8        0x4 LONG 0x1fff0000 _sdata
                0x1fff00ac        0x4 LONG 0x68 ___data_size
                0x1fff00b0        0x4 LONG 0xddc ___m_data_20000000_ROMStart
                0x1fff00b4        0x4 LONG 0x20000000 ___m_data_20000000_RAMStart
                0x1fff00b8        0x4 LONG 0x0 ___m_data_20000000_ROMSize
                0x1fff00bc        0x4 LONG 0x0
                0x1fff00c0        0x4 LONG 0x0
                0x1fff00c4        0x4 LONG 0x0

._user_heap_stack
                0x1fff00c8      0x400 load address 0x00000e00
                0x1fff00c8                . = ALIGN (0x4)
                0x1fff00c8                PROVIDE (end, .)
                0x1fff00c8                PROVIDE (_end, .)
                0x1fff00c8                __heap_addr = .
                0x1fff00c8                __HeapBase = .
                0x1fff00c8                . = (. + __heap_size)
                0x1fff00c8                __HeapLimit = .
                0x1fff04c8                . = (. + __stack_size)
 *fill*         0x1fff00c8      0x400 
                0x1fff04c8                . = ALIGN (0x4)

.ARM.attributes
                0x00000000       0x30
 *(.ARM.attributes)
 .ARM.attributes
                0x00000000       0x22 c:/freescale/kds_3.0.0/toolchain/bin/../lib/gcc/arm-none-eabi/4.8.4/armv7e-m/fpu/crti.o
 .ARM.attributes
                0x00000022       0x34 c:/freescale/kds_3.0.0/toolchain/bin/../lib/gcc/arm-none-eabi/4.8.4/armv7e-m/fpu/crtbegin.o
 .ARM.attributes
                0x00000056       0x20 c:/freescale/kds_3.0.0/toolchain/bin/../lib/gcc/arm-none-eabi/4.8.4/../../../../arm-none-eabi/lib/armv7e-m/fpu/crt0.o
 .ARM.attributes
                0x00000076       0x39 ./Sources/FIFO.o
 .ARM.attributes
                0x000000af       0x39 ./Sources/main.o
 .ARM.attributes
                0x000000e8       0x39 ./Project_Settings/Startup_Code/startup.o
 .ARM.attributes
                0x00000121       0x39 ./Generated_Code/Cpu.o
 .ARM.attributes
                0x0000015a       0x39 ./Generated_Code/Vectors.o
 .ARM.attributes
                0x00000193       0x39 C:\Users\13181680\Downloads\Lab0\Library\libLab0.a(LEDs.o)
 .ARM.attributes
                0x000001cc       0x39 C:\Users\13181680\Downloads\Lab0\Library\libLab0.a(buttons.o)
 .ARM.attributes
                0x00000205       0x39 C:\Users\13181680\Downloads\Lab0\Library\libLab0.a(timer.o)
 .ARM.attributes
                0x0000023e       0x34 c:/freescale/kds_3.0.0/toolchain/bin/../lib/gcc/arm-none-eabi/4.8.4/../../../../arm-none-eabi/lib/armv7e-m/fpu\libg_s.a(lib_a-exit.o)
 .ARM.attributes
                0x00000272       0x34 c:/freescale/kds_3.0.0/toolchain/bin/../lib/gcc/arm-none-eabi/4.8.4/../../../../arm-none-eabi/lib/armv7e-m/fpu\libg_s.a(lib_a-impure.o)
 .ARM.attributes
                0x000002a6       0x34 c:/freescale/kds_3.0.0/toolchain/bin/../lib/gcc/arm-none-eabi/4.8.4/../../../../arm-none-eabi/lib/armv7e-m/fpu\libg_s.a(lib_a-init.o)
 .ARM.attributes
                0x000002da       0x34 c:/freescale/kds_3.0.0/toolchain/bin/../lib/gcc/arm-none-eabi/4.8.4/../../../../arm-none-eabi/lib/armv7e-m/fpu\libg_s.a(lib_a-memset.o)
 .ARM.attributes
                0x0000030e       0x34 c:/freescale/kds_3.0.0/toolchain/bin/../lib/gcc/arm-none-eabi/4.8.4/../../../../arm-none-eabi/lib/armv7e-m/fpu\libnosys.a(_exit.o)
 .ARM.attributes
                0x00000342       0x22 c:/freescale/kds_3.0.0/toolchain/bin/../lib/gcc/arm-none-eabi/4.8.4/armv7e-m/fpu/crtn.o
OUTPUT(Lab0.elf elf32-littlearm)

.debug_info     0x00000000     0x1f9a
 .debug_info    0x00000000      0x14c ./Sources/FIFO.o
 .debug_info    0x0000014c      0x1af ./Sources/main.o
 .debug_info    0x000002fb      0x3b0 ./Project_Settings/Startup_Code/startup.o
 .debug_info    0x000006ab      0xb89 ./Generated_Code/Cpu.o
 .debug_info    0x00001234      0x10f ./Generated_Code/Vectors.o
 .debug_info    0x00001343      0x4a3 C:\Users\13181680\Downloads\Lab0\Library\libLab0.a(LEDs.o)
 .debug_info    0x000017e6      0x647 C:\Users\13181680\Downloads\Lab0\Library\libLab0.a(buttons.o)
 .debug_info    0x00001e2d      0x16d C:\Users\13181680\Downloads\Lab0\Library\libLab0.a(timer.o)

.debug_abbrev   0x00000000      0x8db
 .debug_abbrev  0x00000000       0xc2 ./Sources/FIFO.o
 .debug_abbrev  0x000000c2       0xbe ./Sources/main.o
 .debug_abbrev  0x00000180      0x189 ./Project_Settings/Startup_Code/startup.o
 .debug_abbrev  0x00000309      0x185 ./Generated_Code/Cpu.o
 .debug_abbrev  0x0000048e       0xa4 ./Generated_Code/Vectors.o
 .debug_abbrev  0x00000532      0x155 C:\Users\13181680\Downloads\Lab0\Library\libLab0.a(LEDs.o)
 .debug_abbrev  0x00000687      0x177 C:\Users\13181680\Downloads\Lab0\Library\libLab0.a(buttons.o)
 .debug_abbrev  0x000007fe       0xdd C:\Users\13181680\Downloads\Lab0\Library\libLab0.a(timer.o)

.debug_aranges  0x00000000      0x180
 .debug_aranges
                0x00000000       0x20 ./Sources/FIFO.o
 .debug_aranges
                0x00000020       0x38 ./Sources/main.o
 .debug_aranges
                0x00000058       0x50 ./Project_Settings/Startup_Code/startup.o
 .debug_aranges
                0x000000a8       0x38 ./Generated_Code/Cpu.o
 .debug_aranges
                0x000000e0       0x18 ./Generated_Code/Vectors.o
 .debug_aranges
                0x000000f8       0x38 C:\Users\13181680\Downloads\Lab0\Library\libLab0.a(LEDs.o)
 .debug_aranges
                0x00000130       0x28 C:\Users\13181680\Downloads\Lab0\Library\libLab0.a(buttons.o)
 .debug_aranges
                0x00000158       0x28 C:\Users\13181680\Downloads\Lab0\Library\libLab0.a(timer.o)

.debug_ranges   0x00000000       0xf8
 .debug_ranges  0x00000000       0x10 ./Sources/FIFO.o
 .debug_ranges  0x00000010       0x28 ./Sources/main.o
 .debug_ranges  0x00000038       0x40 ./Project_Settings/Startup_Code/startup.o
 .debug_ranges  0x00000078       0x28 ./Generated_Code/Cpu.o
 .debug_ranges  0x000000a0       0x28 C:\Users\13181680\Downloads\Lab0\Library\libLab0.a(LEDs.o)
 .debug_ranges  0x000000c8       0x18 C:\Users\13181680\Downloads\Lab0\Library\libLab0.a(buttons.o)
 .debug_ranges  0x000000e0       0x18 C:\Users\13181680\Downloads\Lab0\Library\libLab0.a(timer.o)

.debug_macro    0x00000000    0x19d54
 .debug_macro   0x00000000       0x4c ./Sources/FIFO.o
 .debug_macro   0x0000004c       0xc0 ./Sources/main.o
 .debug_macro   0x0000010c       0x22 ./Sources/main.o
 .debug_macro   0x0000012e      0x121 ./Project_Settings/Startup_Code/startup.o
 .debug_macro   0x0000024f       0x58 ./Project_Settings/Startup_Code/startup.o
 .debug_macro   0x000002a7       0x35 ./Project_Settings/Startup_Code/startup.o
 .debug_macro   0x000002dc       0xa3 ./Project_Settings/Startup_Code/startup.o
 .debug_macro   0x0000037f      0x166 ./Project_Settings/Startup_Code/startup.o
 .debug_macro   0x000004e5       0x4a ./Project_Settings/Startup_Code/startup.o
 .debug_macro   0x0000052f       0x52 ./Project_Settings/Startup_Code/startup.o
 .debug_macro   0x00000581       0x16 ./Project_Settings/Startup_Code/startup.o
 .debug_macro   0x00000597       0x43 ./Project_Settings/Startup_Code/startup.o
 .debug_macro   0x000005da      0x180 ./Project_Settings/Startup_Code/startup.o
 .debug_macro   0x0000075a      0x2a6 ./Project_Settings/Startup_Code/startup.o
 .debug_macro   0x00000a00       0x10 ./Project_Settings/Startup_Code/startup.o
 .debug_macro   0x00000a10       0x35 ./Project_Settings/Startup_Code/startup.o
 .debug_macro   0x00000a45       0x16 ./Project_Settings/Startup_Code/startup.o
 .debug_macro   0x00000a5b       0x22 ./Project_Settings/Startup_Code/startup.o
 .debug_macro   0x00000a7d       0x16 ./Project_Settings/Startup_Code/startup.o
 .debug_macro   0x00000a93      0x20f ./Project_Settings/Startup_Code/startup.o
 .debug_macro   0x00000ca2    0x174af ./Project_Settings/Startup_Code/startup.o
 .debug_macro   0x00018151       0x84 ./Generated_Code/Cpu.o
 .debug_macro   0x000181d5       0x94 ./Generated_Code/Cpu.o
 .debug_macro   0x00018269       0xac ./Generated_Code/Vectors.o
 .debug_macro   0x00018315       0x68 C:\Users\13181680\Downloads\Lab0\Library\libLab0.a(LEDs.o)
 .debug_macro   0x0001837d       0xa0 C:\Users\13181680\Downloads\Lab0\Library\libLab0.a(buttons.o)
 .debug_macro   0x0001841d     0x1800 C:\Users\13181680\Downloads\Lab0\Library\libLab0.a(buttons.o)
 .debug_macro   0x00019c1d       0x8e C:\Users\13181680\Downloads\Lab0\Library\libLab0.a(buttons.o)
 .debug_macro   0x00019cab       0xa9 C:\Users\13181680\Downloads\Lab0\Library\libLab0.a(timer.o)

.debug_line     0x00000000     0x12f7
 .debug_line    0x00000000      0x1ad ./Sources/FIFO.o
 .debug_line    0x000001ad      0x2db ./Sources/main.o
 .debug_line    0x00000488      0x3c2 ./Project_Settings/Startup_Code/startup.o
 .debug_line    0x0000084a      0x263 ./Generated_Code/Cpu.o
 .debug_line    0x00000aad      0x245 ./Generated_Code/Vectors.o
 .debug_line    0x00000cf2      0x1e7 C:\Users\13181680\Downloads\Lab0\Library\libLab0.a(LEDs.o)
 .debug_line    0x00000ed9      0x215 C:\Users\13181680\Downloads\Lab0\Library\libLab0.a(buttons.o)
 .debug_line    0x000010ee      0x209 C:\Users\13181680\Downloads\Lab0\Library\libLab0.a(timer.o)

.debug_str      0x00000000    0x8d1e3
 .debug_str     0x00000000     0x2e2f ./Sources/FIFO.o
                               0x2f85 (size before relaxing)
 .debug_str     0x00002e2f    0x87790 ./Sources/main.o
                              0x8a6e7 (size before relaxing)
 .debug_str     0x0008a5bf     0x2694 ./Project_Settings/Startup_Code/startup.o
                              0x853e7 (size before relaxing)
 .debug_str     0x0008cc53      0x344 ./Generated_Code/Cpu.o
                              0x8a9b8 (size before relaxing)
 .debug_str     0x0008cf97       0x1c ./Generated_Code/Vectors.o
                              0x8a663 (size before relaxing)
 .debug_str     0x0008cfb3       0xd0 C:\Users\13181680\Downloads\Lab0\Library\libLab0.a(LEDs.o)
                              0x82f0f (size before relaxing)
 .debug_str     0x0008d083       0xfa C:\Users\13181680\Downloads\Lab0\Library\libLab0.a(buttons.o)
                              0x8a8f0 (size before relaxing)
 .debug_str     0x0008d17d       0x66 C:\Users\13181680\Downloads\Lab0\Library\libLab0.a(timer.o)
                              0x8a6af (size before relaxing)

.comment        0x00000000       0x70
 .comment       0x00000000       0x70 ./Sources/FIFO.o
                                 0x71 (size before relaxing)
 .comment       0x00000000       0x71 ./Sources/main.o
 .comment       0x00000000       0x71 ./Project_Settings/Startup_Code/startup.o
 .comment       0x00000000       0x71 ./Generated_Code/Cpu.o
 .comment       0x00000000       0x71 ./Generated_Code/Vectors.o
 .comment       0x00000000       0x71 C:\Users\13181680\Downloads\Lab0\Library\libLab0.a(LEDs.o)
 .comment       0x00000000       0x71 C:\Users\13181680\Downloads\Lab0\Library\libLab0.a(buttons.o)
 .comment       0x00000000       0x71 C:\Users\13181680\Downloads\Lab0\Library\libLab0.a(timer.o)

.debug_frame    0x00000000      0x3a0
 .debug_frame   0x00000000       0x2c ./Sources/FIFO.o
 .debug_frame   0x0000002c       0x80 ./Sources/main.o
 .debug_frame   0x000000ac       0xc0 ./Project_Settings/Startup_Code/startup.o
 .debug_frame   0x0000016c       0x80 ./Generated_Code/Cpu.o
 .debug_frame   0x000001ec       0x80 C:\Users\13181680\Downloads\Lab0\Library\libLab0.a(LEDs.o)
 .debug_frame   0x0000026c       0x50 C:\Users\13181680\Downloads\Lab0\Library\libLab0.a(buttons.o)
 .debug_frame   0x000002bc       0x50 C:\Users\13181680\Downloads\Lab0\Library\libLab0.a(timer.o)
 .debug_frame   0x0000030c       0x28 c:/freescale/kds_3.0.0/toolchain/bin/../lib/gcc/arm-none-eabi/4.8.4/../../../../arm-none-eabi/lib/armv7e-m/fpu\libg_s.a(lib_a-exit.o)
 .debug_frame   0x00000334       0x2c c:/freescale/kds_3.0.0/toolchain/bin/../lib/gcc/arm-none-eabi/4.8.4/../../../../arm-none-eabi/lib/armv7e-m/fpu\libg_s.a(lib_a-init.o)
 .debug_frame   0x00000360       0x20 c:/freescale/kds_3.0.0/toolchain/bin/../lib/gcc/arm-none-eabi/4.8.4/../../../../arm-none-eabi/lib/armv7e-m/fpu\libg_s.a(lib_a-memset.o)
 .debug_frame   0x00000380       0x20 c:/freescale/kds_3.0.0/toolchain/bin/../lib/gcc/arm-none-eabi/4.8.4/../../../../arm-none-eabi/lib/armv7e-m/fpu\libnosys.a(_exit.o)
