Archive member included because of file (symbol)

C:\Users\PMcL\Documents\Subjects\48434 Embedded Software\4 Labs\Lab 4\Lab 4 - SPI and ADC\Template\Lab4withLab3Lib\Library\libLab3.a(FTM.o)
                              ./Generated_Code/Vectors.o (FTM0_ISR)
C:\Users\PMcL\Documents\Subjects\48434 Embedded Software\4 Labs\Lab 4\Lab 4 - SPI and ADC\Template\Lab4withLab3Lib\Library\libLab3.a(PIT.o)
                              ./Generated_Code/Vectors.o (PIT_ISR)
C:\Users\PMcL\Documents\Subjects\48434 Embedded Software\4 Labs\Lab 4\Lab 4 - SPI and ADC\Template\Lab4withLab3Lib\Library\libLab3.a(RTC.o)
                              ./Generated_Code/Vectors.o (RTC_ISR)
C:\Users\PMcL\Documents\Subjects\48434 Embedded Software\4 Labs\Lab 4\Lab 4 - SPI and ADC\Template\Lab4withLab3Lib\Library\libLab3.a(UART.o)
                              ./Generated_Code/Vectors.o (UART_ISR)
C:\Users\PMcL\Documents\Subjects\48434 Embedded Software\4 Labs\Lab 4\Lab 4 - SPI and ADC\Template\Lab4withLab3Lib\Library\libLab3.a(FIFO.o)
                              C:\Users\PMcL\Documents\Subjects\48434 Embedded Software\4 Labs\Lab 4\Lab 4 - SPI and ADC\Template\Lab4withLab3Lib\Library\libLab3.a(UART.o) (FIFO_Init)
c:/freescale/kds_3.0.0/toolchain/bin/../lib/gcc/arm-none-eabi/4.8.4/../../../../arm-none-eabi/lib/armv7e-m/fpu\libg_s.a(lib_a-exit.o)
                              c:/freescale/kds_3.0.0/toolchain/bin/../lib/gcc/arm-none-eabi/4.8.4/../../../../arm-none-eabi/lib/armv7e-m/fpu/crt0.o (exit)
c:/freescale/kds_3.0.0/toolchain/bin/../lib/gcc/arm-none-eabi/4.8.4/../../../../arm-none-eabi/lib/armv7e-m/fpu\libg_s.a(lib_a-impure.o)
                              c:/freescale/kds_3.0.0/toolchain/bin/../lib/gcc/arm-none-eabi/4.8.4/../../../../arm-none-eabi/lib/armv7e-m/fpu\libg_s.a(lib_a-exit.o) (_global_impure_ptr)
c:/freescale/kds_3.0.0/toolchain/bin/../lib/gcc/arm-none-eabi/4.8.4/../../../../arm-none-eabi/lib/armv7e-m/fpu\libg_s.a(lib_a-init.o)
                              c:/freescale/kds_3.0.0/toolchain/bin/../lib/gcc/arm-none-eabi/4.8.4/../../../../arm-none-eabi/lib/armv7e-m/fpu/crt0.o (__libc_init_array)
c:/freescale/kds_3.0.0/toolchain/bin/../lib/gcc/arm-none-eabi/4.8.4/../../../../arm-none-eabi/lib/armv7e-m/fpu\libg_s.a(lib_a-memset.o)
                              c:/freescale/kds_3.0.0/toolchain/bin/../lib/gcc/arm-none-eabi/4.8.4/../../../../arm-none-eabi/lib/armv7e-m/fpu/crt0.o (memset)
c:/freescale/kds_3.0.0/toolchain/bin/../lib/gcc/arm-none-eabi/4.8.4/../../../../arm-none-eabi/lib/armv7e-m/fpu\libnosys.a(_exit.o)
                              c:/freescale/kds_3.0.0/toolchain/bin/../lib/gcc/arm-none-eabi/4.8.4/../../../../arm-none-eabi/lib/armv7e-m/fpu\libg_s.a(lib_a-exit.o) (_exit)

Allocating common symbols
Common symbol       size              file

SR_reg              0x1               ./Generated_Code/Cpu.o

Discarded input sections

 .text          0x00000000        0x0 c:/freescale/kds_3.0.0/toolchain/bin/../lib/gcc/arm-none-eabi/4.8.4/armv7e-m/fpu/crti.o
 .data          0x00000000        0x0 c:/freescale/kds_3.0.0/toolchain/bin/../lib/gcc/arm-none-eabi/4.8.4/armv7e-m/fpu/crti.o
 .bss           0x00000000        0x0 c:/freescale/kds_3.0.0/toolchain/bin/../lib/gcc/arm-none-eabi/4.8.4/armv7e-m/fpu/crti.o
 .data          0x00000000        0x4 c:/freescale/kds_3.0.0/toolchain/bin/../lib/gcc/arm-none-eabi/4.8.4/armv7e-m/fpu/crtbegin.o
 .data          0x00000000        0x0 c:/freescale/kds_3.0.0/toolchain/bin/../lib/gcc/arm-none-eabi/4.8.4/../../../../arm-none-eabi/lib/armv7e-m/fpu/crt0.o
 .bss           0x00000000        0x0 c:/freescale/kds_3.0.0/toolchain/bin/../lib/gcc/arm-none-eabi/4.8.4/../../../../arm-none-eabi/lib/armv7e-m/fpu/crt0.o
 .ARM.extab     0x00000000        0x0 c:/freescale/kds_3.0.0/toolchain/bin/../lib/gcc/arm-none-eabi/4.8.4/../../../../arm-none-eabi/lib/armv7e-m/fpu/crt0.o
 .group         0x00000000        0x8 ./Sources/main.o
 .group         0x00000000        0x8 ./Sources/main.o
 .group         0x00000000        0x8 ./Sources/main.o
 .group         0x00000000        0x8 ./Sources/main.o
 .group         0x00000000        0x8 ./Sources/main.o
 .group         0x00000000        0x8 ./Sources/main.o
 .group         0x00000000        0x8 ./Sources/main.o
 .group         0x00000000        0x8 ./Sources/main.o
 .group         0x00000000        0x8 ./Sources/main.o
 .text          0x00000000        0x0 ./Sources/main.o
 .data          0x00000000        0x0 ./Sources/main.o
 .bss           0x00000000        0x0 ./Sources/main.o
 .group         0x00000000        0x8 ./Project_Settings/Startup_Code/startup.o
 .group         0x00000000        0x8 ./Project_Settings/Startup_Code/startup.o
 .group         0x00000000        0x8 ./Project_Settings/Startup_Code/startup.o
 .group         0x00000000        0x8 ./Project_Settings/Startup_Code/startup.o
 .group         0x00000000        0x8 ./Project_Settings/Startup_Code/startup.o
 .group         0x00000000        0x8 ./Project_Settings/Startup_Code/startup.o
 .group         0x00000000        0x8 ./Project_Settings/Startup_Code/startup.o
 .group         0x00000000        0x8 ./Project_Settings/Startup_Code/startup.o
 .group         0x00000000        0x8 ./Project_Settings/Startup_Code/startup.o
 .group         0x00000000        0x8 ./Project_Settings/Startup_Code/startup.o
 .group         0x00000000        0x8 ./Project_Settings/Startup_Code/startup.o
 .group         0x00000000        0x8 ./Project_Settings/Startup_Code/startup.o
 .group         0x00000000        0x8 ./Project_Settings/Startup_Code/startup.o
 .group         0x00000000        0x8 ./Project_Settings/Startup_Code/startup.o
 .group         0x00000000        0x8 ./Project_Settings/Startup_Code/startup.o
 .group         0x00000000        0x8 ./Project_Settings/Startup_Code/startup.o
 .group         0x00000000        0x8 ./Project_Settings/Startup_Code/startup.o
 .group         0x00000000        0x8 ./Project_Settings/Startup_Code/startup.o
 .group         0x00000000        0x8 ./Project_Settings/Startup_Code/startup.o
 .text          0x00000000        0x0 ./Project_Settings/Startup_Code/startup.o
 .data          0x00000000        0x0 ./Project_Settings/Startup_Code/startup.o
 .bss           0x00000000        0x0 ./Project_Settings/Startup_Code/startup.o
 .text.__init_hardware
                0x00000000        0xc ./Project_Settings/Startup_Code/startup.o
 .text.__iar_program_start
                0x00000000        0xc ./Project_Settings/Startup_Code/startup.o
 .debug_macro   0x00000000      0x850 ./Project_Settings/Startup_Code/startup.o
 .debug_macro   0x00000000       0x16 ./Project_Settings/Startup_Code/startup.o
 .group         0x00000000        0x8 ./Generated_Code/Cpu.o
 .group         0x00000000        0x8 ./Generated_Code/Cpu.o
 .group         0x00000000        0x8 ./Generated_Code/Cpu.o
 .group         0x00000000        0x8 ./Generated_Code/Cpu.o
 .group         0x00000000        0x8 ./Generated_Code/Cpu.o
 .group         0x00000000        0x8 ./Generated_Code/Cpu.o
 .group         0x00000000        0x8 ./Generated_Code/Cpu.o
 .group         0x00000000        0x8 ./Generated_Code/Cpu.o
 .group         0x00000000        0x8 ./Generated_Code/Cpu.o
 .text          0x00000000        0x0 ./Generated_Code/Cpu.o
 .data          0x00000000        0x0 ./Generated_Code/Cpu.o
 .bss           0x00000000        0x0 ./Generated_Code/Cpu.o
 .debug_macro   0x00000000      0x850 ./Generated_Code/Cpu.o
 .debug_macro   0x00000000       0x16 ./Generated_Code/Cpu.o
 .debug_macro   0x00000000       0x44 ./Generated_Code/Cpu.o
 .debug_macro   0x00000000      0x209 ./Generated_Code/Cpu.o
 .debug_macro   0x00000000     0x1816 ./Generated_Code/Cpu.o
 .debug_macro   0x00000000      0x14e ./Generated_Code/Cpu.o
 .debug_macro   0x00000000       0x64 ./Generated_Code/Cpu.o
 .debug_macro   0x00000000    0x174c1 ./Generated_Code/Cpu.o
 .group         0x00000000        0x8 ./Generated_Code/Vectors.o
 .group         0x00000000        0x8 ./Generated_Code/Vectors.o
 .group         0x00000000        0x8 ./Generated_Code/Vectors.o
 .group         0x00000000        0x8 ./Generated_Code/Vectors.o
 .group         0x00000000        0x8 ./Generated_Code/Vectors.o
 .group         0x00000000        0x8 ./Generated_Code/Vectors.o
 .group         0x00000000        0x8 ./Generated_Code/Vectors.o
 .group         0x00000000        0x8 ./Generated_Code/Vectors.o
 .group         0x00000000        0x8 ./Generated_Code/Vectors.o
 .group         0x00000000        0x8 ./Generated_Code/Vectors.o
 .text          0x00000000        0x0 ./Generated_Code/Vectors.o
 .data          0x00000000        0x0 ./Generated_Code/Vectors.o
 .bss           0x00000000        0x0 ./Generated_Code/Vectors.o
 .debug_macro   0x00000000      0x850 ./Generated_Code/Vectors.o
 .debug_macro   0x00000000       0x16 ./Generated_Code/Vectors.o
 .debug_macro   0x00000000       0x44 ./Generated_Code/Vectors.o
 .debug_macro   0x00000000      0x209 ./Generated_Code/Vectors.o
 .debug_macro   0x00000000     0x1816 ./Generated_Code/Vectors.o
 .debug_macro   0x00000000      0x14e ./Generated_Code/Vectors.o
 .debug_macro   0x00000000       0x64 ./Generated_Code/Vectors.o
 .debug_macro   0x00000000    0x174c1 ./Generated_Code/Vectors.o
 .debug_macro   0x00000000       0x9a ./Generated_Code/Vectors.o
 .group         0x00000000        0x8 C:\Users\PMcL\Documents\Subjects\48434 Embedded Software\4 Labs\Lab 4\Lab 4 - SPI and ADC\Template\Lab4withLab3Lib\Library\libLab3.a(FTM.o)
 .group         0x00000000        0x8 C:\Users\PMcL\Documents\Subjects\48434 Embedded Software\4 Labs\Lab 4\Lab 4 - SPI and ADC\Template\Lab4withLab3Lib\Library\libLab3.a(FTM.o)
 .group         0x00000000        0x8 C:\Users\PMcL\Documents\Subjects\48434 Embedded Software\4 Labs\Lab 4\Lab 4 - SPI and ADC\Template\Lab4withLab3Lib\Library\libLab3.a(FTM.o)
 .group         0x00000000        0x8 C:\Users\PMcL\Documents\Subjects\48434 Embedded Software\4 Labs\Lab 4\Lab 4 - SPI and ADC\Template\Lab4withLab3Lib\Library\libLab3.a(FTM.o)
 .group         0x00000000        0x8 C:\Users\PMcL\Documents\Subjects\48434 Embedded Software\4 Labs\Lab 4\Lab 4 - SPI and ADC\Template\Lab4withLab3Lib\Library\libLab3.a(FTM.o)
 .group         0x00000000        0x8 C:\Users\PMcL\Documents\Subjects\48434 Embedded Software\4 Labs\Lab 4\Lab 4 - SPI and ADC\Template\Lab4withLab3Lib\Library\libLab3.a(FTM.o)
 .group         0x00000000        0x8 C:\Users\PMcL\Documents\Subjects\48434 Embedded Software\4 Labs\Lab 4\Lab 4 - SPI and ADC\Template\Lab4withLab3Lib\Library\libLab3.a(FTM.o)
 .text          0x00000000        0x0 C:\Users\PMcL\Documents\Subjects\48434 Embedded Software\4 Labs\Lab 4\Lab 4 - SPI and ADC\Template\Lab4withLab3Lib\Library\libLab3.a(FTM.o)
 .data          0x00000000        0x0 C:\Users\PMcL\Documents\Subjects\48434 Embedded Software\4 Labs\Lab 4\Lab 4 - SPI and ADC\Template\Lab4withLab3Lib\Library\libLab3.a(FTM.o)
 .bss           0x00000000        0x0 C:\Users\PMcL\Documents\Subjects\48434 Embedded Software\4 Labs\Lab 4\Lab 4 - SPI and ADC\Template\Lab4withLab3Lib\Library\libLab3.a(FTM.o)
 .text.FTM_Init
                0x00000000       0x98 C:\Users\PMcL\Documents\Subjects\48434 Embedded Software\4 Labs\Lab 4\Lab 4 - SPI and ADC\Template\Lab4withLab3Lib\Library\libLab3.a(FTM.o)
 .text.FTM_Set  0x00000000       0xf0 C:\Users\PMcL\Documents\Subjects\48434 Embedded Software\4 Labs\Lab 4\Lab 4 - SPI and ADC\Template\Lab4withLab3Lib\Library\libLab3.a(FTM.o)
 .text.FTM_StartTimer
                0x00000000       0x8c C:\Users\PMcL\Documents\Subjects\48434 Embedded Software\4 Labs\Lab 4\Lab 4 - SPI and ADC\Template\Lab4withLab3Lib\Library\libLab3.a(FTM.o)
 .debug_macro   0x00000000      0x850 C:\Users\PMcL\Documents\Subjects\48434 Embedded Software\4 Labs\Lab 4\Lab 4 - SPI and ADC\Template\Lab4withLab3Lib\Library\libLab3.a(FTM.o)
 .debug_macro   0x00000000       0x16 C:\Users\PMcL\Documents\Subjects\48434 Embedded Software\4 Labs\Lab 4\Lab 4 - SPI and ADC\Template\Lab4withLab3Lib\Library\libLab3.a(FTM.o)
 .debug_macro   0x00000000       0x44 C:\Users\PMcL\Documents\Subjects\48434 Embedded Software\4 Labs\Lab 4\Lab 4 - SPI and ADC\Template\Lab4withLab3Lib\Library\libLab3.a(FTM.o)
 .debug_macro   0x00000000      0x209 C:\Users\PMcL\Documents\Subjects\48434 Embedded Software\4 Labs\Lab 4\Lab 4 - SPI and ADC\Template\Lab4withLab3Lib\Library\libLab3.a(FTM.o)
 .debug_macro   0x00000000       0x22 C:\Users\PMcL\Documents\Subjects\48434 Embedded Software\4 Labs\Lab 4\Lab 4 - SPI and ADC\Template\Lab4withLab3Lib\Library\libLab3.a(FTM.o)
 .debug_macro   0x00000000    0x174c1 C:\Users\PMcL\Documents\Subjects\48434 Embedded Software\4 Labs\Lab 4\Lab 4 - SPI and ADC\Template\Lab4withLab3Lib\Library\libLab3.a(FTM.o)
 .group         0x00000000        0x8 C:\Users\PMcL\Documents\Subjects\48434 Embedded Software\4 Labs\Lab 4\Lab 4 - SPI and ADC\Template\Lab4withLab3Lib\Library\libLab3.a(PIT.o)
 .group         0x00000000        0x8 C:\Users\PMcL\Documents\Subjects\48434 Embedded Software\4 Labs\Lab 4\Lab 4 - SPI and ADC\Template\Lab4withLab3Lib\Library\libLab3.a(PIT.o)
 .group         0x00000000        0x8 C:\Users\PMcL\Documents\Subjects\48434 Embedded Software\4 Labs\Lab 4\Lab 4 - SPI and ADC\Template\Lab4withLab3Lib\Library\libLab3.a(PIT.o)
 .group         0x00000000        0x8 C:\Users\PMcL\Documents\Subjects\48434 Embedded Software\4 Labs\Lab 4\Lab 4 - SPI and ADC\Template\Lab4withLab3Lib\Library\libLab3.a(PIT.o)
 .group         0x00000000        0x8 C:\Users\PMcL\Documents\Subjects\48434 Embedded Software\4 Labs\Lab 4\Lab 4 - SPI and ADC\Template\Lab4withLab3Lib\Library\libLab3.a(PIT.o)
 .group         0x00000000        0x8 C:\Users\PMcL\Documents\Subjects\48434 Embedded Software\4 Labs\Lab 4\Lab 4 - SPI and ADC\Template\Lab4withLab3Lib\Library\libLab3.a(PIT.o)
 .text          0x00000000        0x0 C:\Users\PMcL\Documents\Subjects\48434 Embedded Software\4 Labs\Lab 4\Lab 4 - SPI and ADC\Template\Lab4withLab3Lib\Library\libLab3.a(PIT.o)
 .data          0x00000000        0x0 C:\Users\PMcL\Documents\Subjects\48434 Embedded Software\4 Labs\Lab 4\Lab 4 - SPI and ADC\Template\Lab4withLab3Lib\Library\libLab3.a(PIT.o)
 .bss           0x00000000        0x0 C:\Users\PMcL\Documents\Subjects\48434 Embedded Software\4 Labs\Lab 4\Lab 4 - SPI and ADC\Template\Lab4withLab3Lib\Library\libLab3.a(PIT.o)
 .bss.NanoSecondsPerTick
                0x00000000        0x4 C:\Users\PMcL\Documents\Subjects\48434 Embedded Software\4 Labs\Lab 4\Lab 4 - SPI and ADC\Template\Lab4withLab3Lib\Library\libLab3.a(PIT.o)
 .text.PIT_Init
                0x00000000       0x98 C:\Users\PMcL\Documents\Subjects\48434 Embedded Software\4 Labs\Lab 4\Lab 4 - SPI and ADC\Template\Lab4withLab3Lib\Library\libLab3.a(PIT.o)
 .text.PIT_Set  0x00000000       0x68 C:\Users\PMcL\Documents\Subjects\48434 Embedded Software\4 Labs\Lab 4\Lab 4 - SPI and ADC\Template\Lab4withLab3Lib\Library\libLab3.a(PIT.o)
 .text.PIT_Enable
                0x00000000       0x40 C:\Users\PMcL\Documents\Subjects\48434 Embedded Software\4 Labs\Lab 4\Lab 4 - SPI and ADC\Template\Lab4withLab3Lib\Library\libLab3.a(PIT.o)
 .debug_macro   0x00000000      0x850 C:\Users\PMcL\Documents\Subjects\48434 Embedded Software\4 Labs\Lab 4\Lab 4 - SPI and ADC\Template\Lab4withLab3Lib\Library\libLab3.a(PIT.o)
 .debug_macro   0x00000000       0x16 C:\Users\PMcL\Documents\Subjects\48434 Embedded Software\4 Labs\Lab 4\Lab 4 - SPI and ADC\Template\Lab4withLab3Lib\Library\libLab3.a(PIT.o)
 .debug_macro   0x00000000       0x44 C:\Users\PMcL\Documents\Subjects\48434 Embedded Software\4 Labs\Lab 4\Lab 4 - SPI and ADC\Template\Lab4withLab3Lib\Library\libLab3.a(PIT.o)
 .debug_macro   0x00000000      0x209 C:\Users\PMcL\Documents\Subjects\48434 Embedded Software\4 Labs\Lab 4\Lab 4 - SPI and ADC\Template\Lab4withLab3Lib\Library\libLab3.a(PIT.o)
 .debug_macro   0x00000000       0x22 C:\Users\PMcL\Documents\Subjects\48434 Embedded Software\4 Labs\Lab 4\Lab 4 - SPI and ADC\Template\Lab4withLab3Lib\Library\libLab3.a(PIT.o)
 .debug_macro   0x00000000    0x174c1 C:\Users\PMcL\Documents\Subjects\48434 Embedded Software\4 Labs\Lab 4\Lab 4 - SPI and ADC\Template\Lab4withLab3Lib\Library\libLab3.a(PIT.o)
 .group         0x00000000        0x8 C:\Users\PMcL\Documents\Subjects\48434 Embedded Software\4 Labs\Lab 4\Lab 4 - SPI and ADC\Template\Lab4withLab3Lib\Library\libLab3.a(RTC.o)
 .group         0x00000000        0x8 C:\Users\PMcL\Documents\Subjects\48434 Embedded Software\4 Labs\Lab 4\Lab 4 - SPI and ADC\Template\Lab4withLab3Lib\Library\libLab3.a(RTC.o)
 .group         0x00000000        0x8 C:\Users\PMcL\Documents\Subjects\48434 Embedded Software\4 Labs\Lab 4\Lab 4 - SPI and ADC\Template\Lab4withLab3Lib\Library\libLab3.a(RTC.o)
 .group         0x00000000        0x8 C:\Users\PMcL\Documents\Subjects\48434 Embedded Software\4 Labs\Lab 4\Lab 4 - SPI and ADC\Template\Lab4withLab3Lib\Library\libLab3.a(RTC.o)
 .group         0x00000000        0x8 C:\Users\PMcL\Documents\Subjects\48434 Embedded Software\4 Labs\Lab 4\Lab 4 - SPI and ADC\Template\Lab4withLab3Lib\Library\libLab3.a(RTC.o)
 .group         0x00000000        0x8 C:\Users\PMcL\Documents\Subjects\48434 Embedded Software\4 Labs\Lab 4\Lab 4 - SPI and ADC\Template\Lab4withLab3Lib\Library\libLab3.a(RTC.o)
 .group         0x00000000        0x8 C:\Users\PMcL\Documents\Subjects\48434 Embedded Software\4 Labs\Lab 4\Lab 4 - SPI and ADC\Template\Lab4withLab3Lib\Library\libLab3.a(RTC.o)
 .group         0x00000000        0x8 C:\Users\PMcL\Documents\Subjects\48434 Embedded Software\4 Labs\Lab 4\Lab 4 - SPI and ADC\Template\Lab4withLab3Lib\Library\libLab3.a(RTC.o)
 .group         0x00000000        0x8 C:\Users\PMcL\Documents\Subjects\48434 Embedded Software\4 Labs\Lab 4\Lab 4 - SPI and ADC\Template\Lab4withLab3Lib\Library\libLab3.a(RTC.o)
 .group         0x00000000        0x8 C:\Users\PMcL\Documents\Subjects\48434 Embedded Software\4 Labs\Lab 4\Lab 4 - SPI and ADC\Template\Lab4withLab3Lib\Library\libLab3.a(RTC.o)
 .text          0x00000000        0x0 C:\Users\PMcL\Documents\Subjects\48434 Embedded Software\4 Labs\Lab 4\Lab 4 - SPI and ADC\Template\Lab4withLab3Lib\Library\libLab3.a(RTC.o)
 .data          0x00000000        0x0 C:\Users\PMcL\Documents\Subjects\48434 Embedded Software\4 Labs\Lab 4\Lab 4 - SPI and ADC\Template\Lab4withLab3Lib\Library\libLab3.a(RTC.o)
 .bss           0x00000000        0x0 C:\Users\PMcL\Documents\Subjects\48434 Embedded Software\4 Labs\Lab 4\Lab 4 - SPI and ADC\Template\Lab4withLab3Lib\Library\libLab3.a(RTC.o)
 .text.RTC_Init
                0x00000000       0xd0 C:\Users\PMcL\Documents\Subjects\48434 Embedded Software\4 Labs\Lab 4\Lab 4 - SPI and ADC\Template\Lab4withLab3Lib\Library\libLab3.a(RTC.o)
 .text.RTC_Set  0x00000000       0x5c C:\Users\PMcL\Documents\Subjects\48434 Embedded Software\4 Labs\Lab 4\Lab 4 - SPI and ADC\Template\Lab4withLab3Lib\Library\libLab3.a(RTC.o)
 .text.RTC_Get  0x00000000       0xa0 C:\Users\PMcL\Documents\Subjects\48434 Embedded Software\4 Labs\Lab 4\Lab 4 - SPI and ADC\Template\Lab4withLab3Lib\Library\libLab3.a(RTC.o)
 .debug_macro   0x00000000      0x850 C:\Users\PMcL\Documents\Subjects\48434 Embedded Software\4 Labs\Lab 4\Lab 4 - SPI and ADC\Template\Lab4withLab3Lib\Library\libLab3.a(RTC.o)
 .debug_macro   0x00000000       0x16 C:\Users\PMcL\Documents\Subjects\48434 Embedded Software\4 Labs\Lab 4\Lab 4 - SPI and ADC\Template\Lab4withLab3Lib\Library\libLab3.a(RTC.o)
 .debug_macro   0x00000000       0x44 C:\Users\PMcL\Documents\Subjects\48434 Embedded Software\4 Labs\Lab 4\Lab 4 - SPI and ADC\Template\Lab4withLab3Lib\Library\libLab3.a(RTC.o)
 .debug_macro   0x00000000      0x209 C:\Users\PMcL\Documents\Subjects\48434 Embedded Software\4 Labs\Lab 4\Lab 4 - SPI and ADC\Template\Lab4withLab3Lib\Library\libLab3.a(RTC.o)
 .debug_macro   0x00000000       0x22 C:\Users\PMcL\Documents\Subjects\48434 Embedded Software\4 Labs\Lab 4\Lab 4 - SPI and ADC\Template\Lab4withLab3Lib\Library\libLab3.a(RTC.o)
 .debug_macro   0x00000000    0x174c1 C:\Users\PMcL\Documents\Subjects\48434 Embedded Software\4 Labs\Lab 4\Lab 4 - SPI and ADC\Template\Lab4withLab3Lib\Library\libLab3.a(RTC.o)
 .debug_macro   0x00000000     0x1800 C:\Users\PMcL\Documents\Subjects\48434 Embedded Software\4 Labs\Lab 4\Lab 4 - SPI and ADC\Template\Lab4withLab3Lib\Library\libLab3.a(RTC.o)
 .debug_macro   0x00000000      0x14e C:\Users\PMcL\Documents\Subjects\48434 Embedded Software\4 Labs\Lab 4\Lab 4 - SPI and ADC\Template\Lab4withLab3Lib\Library\libLab3.a(RTC.o)
 .debug_macro   0x00000000       0x64 C:\Users\PMcL\Documents\Subjects\48434 Embedded Software\4 Labs\Lab 4\Lab 4 - SPI and ADC\Template\Lab4withLab3Lib\Library\libLab3.a(RTC.o)
 .group         0x00000000        0x8 C:\Users\PMcL\Documents\Subjects\48434 Embedded Software\4 Labs\Lab 4\Lab 4 - SPI and ADC\Template\Lab4withLab3Lib\Library\libLab3.a(UART.o)
 .group         0x00000000        0x8 C:\Users\PMcL\Documents\Subjects\48434 Embedded Software\4 Labs\Lab 4\Lab 4 - SPI and ADC\Template\Lab4withLab3Lib\Library\libLab3.a(UART.o)
 .group         0x00000000        0x8 C:\Users\PMcL\Documents\Subjects\48434 Embedded Software\4 Labs\Lab 4\Lab 4 - SPI and ADC\Template\Lab4withLab3Lib\Library\libLab3.a(UART.o)
 .group         0x00000000        0x8 C:\Users\PMcL\Documents\Subjects\48434 Embedded Software\4 Labs\Lab 4\Lab 4 - SPI and ADC\Template\Lab4withLab3Lib\Library\libLab3.a(UART.o)
 .group         0x00000000        0x8 C:\Users\PMcL\Documents\Subjects\48434 Embedded Software\4 Labs\Lab 4\Lab 4 - SPI and ADC\Template\Lab4withLab3Lib\Library\libLab3.a(UART.o)
 .group         0x00000000        0x8 C:\Users\PMcL\Documents\Subjects\48434 Embedded Software\4 Labs\Lab 4\Lab 4 - SPI and ADC\Template\Lab4withLab3Lib\Library\libLab3.a(UART.o)
 .group         0x00000000        0x8 C:\Users\PMcL\Documents\Subjects\48434 Embedded Software\4 Labs\Lab 4\Lab 4 - SPI and ADC\Template\Lab4withLab3Lib\Library\libLab3.a(UART.o)
 .group         0x00000000        0x8 C:\Users\PMcL\Documents\Subjects\48434 Embedded Software\4 Labs\Lab 4\Lab 4 - SPI and ADC\Template\Lab4withLab3Lib\Library\libLab3.a(UART.o)
 .group         0x00000000        0x8 C:\Users\PMcL\Documents\Subjects\48434 Embedded Software\4 Labs\Lab 4\Lab 4 - SPI and ADC\Template\Lab4withLab3Lib\Library\libLab3.a(UART.o)
 .group         0x00000000        0x8 C:\Users\PMcL\Documents\Subjects\48434 Embedded Software\4 Labs\Lab 4\Lab 4 - SPI and ADC\Template\Lab4withLab3Lib\Library\libLab3.a(UART.o)
 .group         0x00000000        0x8 C:\Users\PMcL\Documents\Subjects\48434 Embedded Software\4 Labs\Lab 4\Lab 4 - SPI and ADC\Template\Lab4withLab3Lib\Library\libLab3.a(UART.o)
 .text          0x00000000        0x0 C:\Users\PMcL\Documents\Subjects\48434 Embedded Software\4 Labs\Lab 4\Lab 4 - SPI and ADC\Template\Lab4withLab3Lib\Library\libLab3.a(UART.o)
 .data          0x00000000        0x0 C:\Users\PMcL\Documents\Subjects\48434 Embedded Software\4 Labs\Lab 4\Lab 4 - SPI and ADC\Template\Lab4withLab3Lib\Library\libLab3.a(UART.o)
 .bss           0x00000000        0x0 C:\Users\PMcL\Documents\Subjects\48434 Embedded Software\4 Labs\Lab 4\Lab 4 - SPI and ADC\Template\Lab4withLab3Lib\Library\libLab3.a(UART.o)
 .text.UART_Init
                0x00000000      0x324 C:\Users\PMcL\Documents\Subjects\48434 Embedded Software\4 Labs\Lab 4\Lab 4 - SPI and ADC\Template\Lab4withLab3Lib\Library\libLab3.a(UART.o)
 .text.UART_InChar
                0x00000000       0x20 C:\Users\PMcL\Documents\Subjects\48434 Embedded Software\4 Labs\Lab 4\Lab 4 - SPI and ADC\Template\Lab4withLab3Lib\Library\libLab3.a(UART.o)
 .text.UART_OutChar
                0x00000000       0x88 C:\Users\PMcL\Documents\Subjects\48434 Embedded Software\4 Labs\Lab 4\Lab 4 - SPI and ADC\Template\Lab4withLab3Lib\Library\libLab3.a(UART.o)
 .text.UART_Poll
                0x00000000       0x48 C:\Users\PMcL\Documents\Subjects\48434 Embedded Software\4 Labs\Lab 4\Lab 4 - SPI and ADC\Template\Lab4withLab3Lib\Library\libLab3.a(UART.o)
 .debug_macro   0x00000000      0x850 C:\Users\PMcL\Documents\Subjects\48434 Embedded Software\4 Labs\Lab 4\Lab 4 - SPI and ADC\Template\Lab4withLab3Lib\Library\libLab3.a(UART.o)
 .debug_macro   0x00000000       0x16 C:\Users\PMcL\Documents\Subjects\48434 Embedded Software\4 Labs\Lab 4\Lab 4 - SPI and ADC\Template\Lab4withLab3Lib\Library\libLab3.a(UART.o)
 .debug_macro   0x00000000       0x44 C:\Users\PMcL\Documents\Subjects\48434 Embedded Software\4 Labs\Lab 4\Lab 4 - SPI and ADC\Template\Lab4withLab3Lib\Library\libLab3.a(UART.o)
 .debug_macro   0x00000000      0x209 C:\Users\PMcL\Documents\Subjects\48434 Embedded Software\4 Labs\Lab 4\Lab 4 - SPI and ADC\Template\Lab4withLab3Lib\Library\libLab3.a(UART.o)
 .debug_macro   0x00000000       0x22 C:\Users\PMcL\Documents\Subjects\48434 Embedded Software\4 Labs\Lab 4\Lab 4 - SPI and ADC\Template\Lab4withLab3Lib\Library\libLab3.a(UART.o)
 .debug_macro   0x00000000    0x174c1 C:\Users\PMcL\Documents\Subjects\48434 Embedded Software\4 Labs\Lab 4\Lab 4 - SPI and ADC\Template\Lab4withLab3Lib\Library\libLab3.a(UART.o)
 .debug_macro   0x00000000     0x1800 C:\Users\PMcL\Documents\Subjects\48434 Embedded Software\4 Labs\Lab 4\Lab 4 - SPI and ADC\Template\Lab4withLab3Lib\Library\libLab3.a(UART.o)
 .debug_macro   0x00000000      0x14e C:\Users\PMcL\Documents\Subjects\48434 Embedded Software\4 Labs\Lab 4\Lab 4 - SPI and ADC\Template\Lab4withLab3Lib\Library\libLab3.a(UART.o)
 .debug_macro   0x00000000       0x64 C:\Users\PMcL\Documents\Subjects\48434 Embedded Software\4 Labs\Lab 4\Lab 4 - SPI and ADC\Template\Lab4withLab3Lib\Library\libLab3.a(UART.o)
 .debug_macro   0x00000000       0x94 C:\Users\PMcL\Documents\Subjects\48434 Embedded Software\4 Labs\Lab 4\Lab 4 - SPI and ADC\Template\Lab4withLab3Lib\Library\libLab3.a(UART.o)
 .group         0x00000000        0x8 C:\Users\PMcL\Documents\Subjects\48434 Embedded Software\4 Labs\Lab 4\Lab 4 - SPI and ADC\Template\Lab4withLab3Lib\Library\libLab3.a(FIFO.o)
 .group         0x00000000        0x8 C:\Users\PMcL\Documents\Subjects\48434 Embedded Software\4 Labs\Lab 4\Lab 4 - SPI and ADC\Template\Lab4withLab3Lib\Library\libLab3.a(FIFO.o)
 .group         0x00000000        0x8 C:\Users\PMcL\Documents\Subjects\48434 Embedded Software\4 Labs\Lab 4\Lab 4 - SPI and ADC\Template\Lab4withLab3Lib\Library\libLab3.a(FIFO.o)
 .group         0x00000000        0x8 C:\Users\PMcL\Documents\Subjects\48434 Embedded Software\4 Labs\Lab 4\Lab 4 - SPI and ADC\Template\Lab4withLab3Lib\Library\libLab3.a(FIFO.o)
 .group         0x00000000        0x8 C:\Users\PMcL\Documents\Subjects\48434 Embedded Software\4 Labs\Lab 4\Lab 4 - SPI and ADC\Template\Lab4withLab3Lib\Library\libLab3.a(FIFO.o)
 .group         0x00000000        0x8 C:\Users\PMcL\Documents\Subjects\48434 Embedded Software\4 Labs\Lab 4\Lab 4 - SPI and ADC\Template\Lab4withLab3Lib\Library\libLab3.a(FIFO.o)
 .group         0x00000000        0x8 C:\Users\PMcL\Documents\Subjects\48434 Embedded Software\4 Labs\Lab 4\Lab 4 - SPI and ADC\Template\Lab4withLab3Lib\Library\libLab3.a(FIFO.o)
 .group         0x00000000        0x8 C:\Users\PMcL\Documents\Subjects\48434 Embedded Software\4 Labs\Lab 4\Lab 4 - SPI and ADC\Template\Lab4withLab3Lib\Library\libLab3.a(FIFO.o)
 .group         0x00000000        0x8 C:\Users\PMcL\Documents\Subjects\48434 Embedded Software\4 Labs\Lab 4\Lab 4 - SPI and ADC\Template\Lab4withLab3Lib\Library\libLab3.a(FIFO.o)
 .group         0x00000000        0x8 C:\Users\PMcL\Documents\Subjects\48434 Embedded Software\4 Labs\Lab 4\Lab 4 - SPI and ADC\Template\Lab4withLab3Lib\Library\libLab3.a(FIFO.o)
 .text          0x00000000        0x0 C:\Users\PMcL\Documents\Subjects\48434 Embedded Software\4 Labs\Lab 4\Lab 4 - SPI and ADC\Template\Lab4withLab3Lib\Library\libLab3.a(FIFO.o)
 .data          0x00000000        0x0 C:\Users\PMcL\Documents\Subjects\48434 Embedded Software\4 Labs\Lab 4\Lab 4 - SPI and ADC\Template\Lab4withLab3Lib\Library\libLab3.a(FIFO.o)
 .bss           0x00000000        0x0 C:\Users\PMcL\Documents\Subjects\48434 Embedded Software\4 Labs\Lab 4\Lab 4 - SPI and ADC\Template\Lab4withLab3Lib\Library\libLab3.a(FIFO.o)
 .text.FIFO_Init
                0x00000000       0x6c C:\Users\PMcL\Documents\Subjects\48434 Embedded Software\4 Labs\Lab 4\Lab 4 - SPI and ADC\Template\Lab4withLab3Lib\Library\libLab3.a(FIFO.o)
 .debug_macro   0x00000000      0x850 C:\Users\PMcL\Documents\Subjects\48434 Embedded Software\4 Labs\Lab 4\Lab 4 - SPI and ADC\Template\Lab4withLab3Lib\Library\libLab3.a(FIFO.o)
 .debug_macro   0x00000000       0x16 C:\Users\PMcL\Documents\Subjects\48434 Embedded Software\4 Labs\Lab 4\Lab 4 - SPI and ADC\Template\Lab4withLab3Lib\Library\libLab3.a(FIFO.o)
 .debug_macro   0x00000000       0x44 C:\Users\PMcL\Documents\Subjects\48434 Embedded Software\4 Labs\Lab 4\Lab 4 - SPI and ADC\Template\Lab4withLab3Lib\Library\libLab3.a(FIFO.o)
 .debug_macro   0x00000000      0x209 C:\Users\PMcL\Documents\Subjects\48434 Embedded Software\4 Labs\Lab 4\Lab 4 - SPI and ADC\Template\Lab4withLab3Lib\Library\libLab3.a(FIFO.o)
 .debug_macro   0x00000000       0x22 C:\Users\PMcL\Documents\Subjects\48434 Embedded Software\4 Labs\Lab 4\Lab 4 - SPI and ADC\Template\Lab4withLab3Lib\Library\libLab3.a(FIFO.o)
 .debug_macro   0x00000000     0x1800 C:\Users\PMcL\Documents\Subjects\48434 Embedded Software\4 Labs\Lab 4\Lab 4 - SPI and ADC\Template\Lab4withLab3Lib\Library\libLab3.a(FIFO.o)
 .debug_macro   0x00000000      0x14e C:\Users\PMcL\Documents\Subjects\48434 Embedded Software\4 Labs\Lab 4\Lab 4 - SPI and ADC\Template\Lab4withLab3Lib\Library\libLab3.a(FIFO.o)
 .debug_macro   0x00000000       0x64 C:\Users\PMcL\Documents\Subjects\48434 Embedded Software\4 Labs\Lab 4\Lab 4 - SPI and ADC\Template\Lab4withLab3Lib\Library\libLab3.a(FIFO.o)
 .debug_macro   0x00000000    0x174c1 C:\Users\PMcL\Documents\Subjects\48434 Embedded Software\4 Labs\Lab 4\Lab 4 - SPI and ADC\Template\Lab4withLab3Lib\Library\libLab3.a(FIFO.o)
 .debug_macro   0x00000000       0x94 C:\Users\PMcL\Documents\Subjects\48434 Embedded Software\4 Labs\Lab 4\Lab 4 - SPI and ADC\Template\Lab4withLab3Lib\Library\libLab3.a(FIFO.o)
 .text          0x00000000        0x0 c:/freescale/kds_3.0.0/toolchain/bin/../lib/gcc/arm-none-eabi/4.8.4/../../../../arm-none-eabi/lib/armv7e-m/fpu\libg_s.a(lib_a-exit.o)
 .data          0x00000000        0x0 c:/freescale/kds_3.0.0/toolchain/bin/../lib/gcc/arm-none-eabi/4.8.4/../../../../arm-none-eabi/lib/armv7e-m/fpu\libg_s.a(lib_a-exit.o)
 .bss           0x00000000        0x0 c:/freescale/kds_3.0.0/toolchain/bin/../lib/gcc/arm-none-eabi/4.8.4/../../../../arm-none-eabi/lib/armv7e-m/fpu\libg_s.a(lib_a-exit.o)
 .text          0x00000000        0x0 c:/freescale/kds_3.0.0/toolchain/bin/../lib/gcc/arm-none-eabi/4.8.4/../../../../arm-none-eabi/lib/armv7e-m/fpu\libg_s.a(lib_a-impure.o)
 .data          0x00000000        0x0 c:/freescale/kds_3.0.0/toolchain/bin/../lib/gcc/arm-none-eabi/4.8.4/../../../../arm-none-eabi/lib/armv7e-m/fpu\libg_s.a(lib_a-impure.o)
 .bss           0x00000000        0x0 c:/freescale/kds_3.0.0/toolchain/bin/../lib/gcc/arm-none-eabi/4.8.4/../../../../arm-none-eabi/lib/armv7e-m/fpu\libg_s.a(lib_a-impure.o)
 .data._impure_ptr
                0x00000000        0x4 c:/freescale/kds_3.0.0/toolchain/bin/../lib/gcc/arm-none-eabi/4.8.4/../../../../arm-none-eabi/lib/armv7e-m/fpu\libg_s.a(lib_a-impure.o)
 .text          0x00000000        0x0 c:/freescale/kds_3.0.0/toolchain/bin/../lib/gcc/arm-none-eabi/4.8.4/../../../../arm-none-eabi/lib/armv7e-m/fpu\libg_s.a(lib_a-init.o)
 .data          0x00000000        0x0 c:/freescale/kds_3.0.0/toolchain/bin/../lib/gcc/arm-none-eabi/4.8.4/../../../../arm-none-eabi/lib/armv7e-m/fpu\libg_s.a(lib_a-init.o)
 .bss           0x00000000        0x0 c:/freescale/kds_3.0.0/toolchain/bin/../lib/gcc/arm-none-eabi/4.8.4/../../../../arm-none-eabi/lib/armv7e-m/fpu\libg_s.a(lib_a-init.o)
 .text          0x00000000        0x0 c:/freescale/kds_3.0.0/toolchain/bin/../lib/gcc/arm-none-eabi/4.8.4/../../../../arm-none-eabi/lib/armv7e-m/fpu\libg_s.a(lib_a-memset.o)
 .data          0x00000000        0x0 c:/freescale/kds_3.0.0/toolchain/bin/../lib/gcc/arm-none-eabi/4.8.4/../../../../arm-none-eabi/lib/armv7e-m/fpu\libg_s.a(lib_a-memset.o)
 .bss           0x00000000        0x0 c:/freescale/kds_3.0.0/toolchain/bin/../lib/gcc/arm-none-eabi/4.8.4/../../../../arm-none-eabi/lib/armv7e-m/fpu\libg_s.a(lib_a-memset.o)
 .text          0x00000000        0x0 c:/freescale/kds_3.0.0/toolchain/bin/../lib/gcc/arm-none-eabi/4.8.4/../../../../arm-none-eabi/lib/armv7e-m/fpu\libnosys.a(_exit.o)
 .data          0x00000000        0x0 c:/freescale/kds_3.0.0/toolchain/bin/../lib/gcc/arm-none-eabi/4.8.4/../../../../arm-none-eabi/lib/armv7e-m/fpu\libnosys.a(_exit.o)
 .bss           0x00000000        0x0 c:/freescale/kds_3.0.0/toolchain/bin/../lib/gcc/arm-none-eabi/4.8.4/../../../../arm-none-eabi/lib/armv7e-m/fpu\libnosys.a(_exit.o)
 .text          0x00000000        0x0 c:/freescale/kds_3.0.0/toolchain/bin/../lib/gcc/arm-none-eabi/4.8.4/armv7e-m/fpu/crtend.o
 .data          0x00000000        0x0 c:/freescale/kds_3.0.0/toolchain/bin/../lib/gcc/arm-none-eabi/4.8.4/armv7e-m/fpu/crtend.o
 .bss           0x00000000        0x0 c:/freescale/kds_3.0.0/toolchain/bin/../lib/gcc/arm-none-eabi/4.8.4/armv7e-m/fpu/crtend.o
 .eh_frame      0x00000000        0x4 c:/freescale/kds_3.0.0/toolchain/bin/../lib/gcc/arm-none-eabi/4.8.4/armv7e-m/fpu/crtend.o
 .jcr           0x00000000        0x4 c:/freescale/kds_3.0.0/toolchain/bin/../lib/gcc/arm-none-eabi/4.8.4/armv7e-m/fpu/crtend.o
 .ARM.attributes
                0x00000000       0x34 c:/freescale/kds_3.0.0/toolchain/bin/../lib/gcc/arm-none-eabi/4.8.4/armv7e-m/fpu/crtend.o
 .text          0x00000000        0x0 c:/freescale/kds_3.0.0/toolchain/bin/../lib/gcc/arm-none-eabi/4.8.4/armv7e-m/fpu/crtn.o
 .data          0x00000000        0x0 c:/freescale/kds_3.0.0/toolchain/bin/../lib/gcc/arm-none-eabi/4.8.4/armv7e-m/fpu/crtn.o
 .bss           0x00000000        0x0 c:/freescale/kds_3.0.0/toolchain/bin/../lib/gcc/arm-none-eabi/4.8.4/armv7e-m/fpu/crtn.o

Memory Configuration

Name             Origin             Length             Attributes
m_interrupts     0x00000000         0x000001e8         xr
m_text           0x00000410         0x0007fbf0         xr
m_data           0x1fff0000         0x00010000         rw
m_data_20000000  0x20000000         0x00010000         rw
m_cfmprotrom     0x00000400         0x00000010         xr
*default*        0x00000000         0xffffffff

Linker script and memory map

LOAD c:/freescale/kds_3.0.0/toolchain/bin/../lib/gcc/arm-none-eabi/4.8.4/armv7e-m/fpu/crti.o
LOAD c:/freescale/kds_3.0.0/toolchain/bin/../lib/gcc/arm-none-eabi/4.8.4/armv7e-m/fpu/crtbegin.o
LOAD c:/freescale/kds_3.0.0/toolchain/bin/../lib/gcc/arm-none-eabi/4.8.4/../../../../arm-none-eabi/lib/armv7e-m/fpu/crt0.o
LOAD ./Sources/main.o
LOAD ./Project_Settings/Startup_Code/startup.o
LOAD ./Generated_Code/Cpu.o
LOAD ./Generated_Code/Vectors.o
LOAD C:\Users\PMcL\Documents\Subjects\48434 Embedded Software\4 Labs\Lab 4\Lab 4 - SPI and ADC\Template\Lab4withLab3Lib\Library\libLab3.a
LOAD c:/freescale/kds_3.0.0/toolchain/bin/../lib/gcc/arm-none-eabi/4.8.4/../../../../arm-none-eabi/lib/armv7e-m/fpu\libstdc++_s.a
LOAD c:/freescale/kds_3.0.0/toolchain/bin/../lib/gcc/arm-none-eabi/4.8.4/../../../../arm-none-eabi/lib/armv7e-m/fpu\libm.a
START GROUP
LOAD c:/freescale/kds_3.0.0/toolchain/bin/../lib/gcc/arm-none-eabi/4.8.4/armv7e-m/fpu\libgcc.a
LOAD c:/freescale/kds_3.0.0/toolchain/bin/../lib/gcc/arm-none-eabi/4.8.4/../../../../arm-none-eabi/lib/armv7e-m/fpu\libg_s.a
LOAD c:/freescale/kds_3.0.0/toolchain/bin/../lib/gcc/arm-none-eabi/4.8.4/../../../../arm-none-eabi/lib/armv7e-m/fpu\libc_s.a
END GROUP
START GROUP
LOAD c:/freescale/kds_3.0.0/toolchain/bin/../lib/gcc/arm-none-eabi/4.8.4/armv7e-m/fpu\libgcc.a
LOAD c:/freescale/kds_3.0.0/toolchain/bin/../lib/gcc/arm-none-eabi/4.8.4/../../../../arm-none-eabi/lib/armv7e-m/fpu\libc_s.a
LOAD c:/freescale/kds_3.0.0/toolchain/bin/../lib/gcc/arm-none-eabi/4.8.4/../../../../arm-none-eabi/lib/armv7e-m/fpu\libnosys.a
END GROUP
START GROUP
LOAD c:/freescale/kds_3.0.0/toolchain/bin/../lib/gcc/arm-none-eabi/4.8.4/armv7e-m/fpu\libgcc.a
LOAD c:/freescale/kds_3.0.0/toolchain/bin/../lib/gcc/arm-none-eabi/4.8.4/../../../../arm-none-eabi/lib/armv7e-m/fpu\libc_s.a
LOAD c:/freescale/kds_3.0.0/toolchain/bin/../lib/gcc/arm-none-eabi/4.8.4/../../../../arm-none-eabi/lib/armv7e-m/fpu\libnosys.a
END GROUP
LOAD c:/freescale/kds_3.0.0/toolchain/bin/../lib/gcc/arm-none-eabi/4.8.4/armv7e-m/fpu/crtend.o
LOAD c:/freescale/kds_3.0.0/toolchain/bin/../lib/gcc/arm-none-eabi/4.8.4/armv7e-m/fpu/crtn.o
                0x20000000                _estack = 0x20000000
                0x20000000                __SP_INIT = _estack
                0x20000000                __stack = _estack
                0x00000000                __heap_size = 0x0
                0x00000400                __stack_size = 0x400

.interrupts     0x00000000      0x1e8
                0x00000000                __vector_table = .
                0x00000000                . = ALIGN (0x4)
 *(.vectortable)
 .vectortable   0x00000000      0x1e8 ./Generated_Code/Vectors.o
                0x00000000                __vect_table
                0x000001e8                . = ALIGN (0x4)

.cfmprotect     0x00000400       0x10
                0x00000400                . = ALIGN (0x4)
 *(.cfmconfig)
 .cfmconfig     0x00000400       0x10 ./Generated_Code/Cpu.o
                0x00000400                _cfm
                0x00000410                . = ALIGN (0x4)

.text           0x00000410      0x948
                0x00000410                . = ALIGN (0x4)
 *(.text)
 .text          0x00000410       0x54 c:/freescale/kds_3.0.0/toolchain/bin/../lib/gcc/arm-none-eabi/4.8.4/armv7e-m/fpu/crtbegin.o
 .text          0x00000464       0x74 c:/freescale/kds_3.0.0/toolchain/bin/../lib/gcc/arm-none-eabi/4.8.4/../../../../arm-none-eabi/lib/armv7e-m/fpu/crt0.o
                0x00000464                _start
                0x00000464                _mainCRTStartup
 *(.text*)
 .text.main     0x000004d8        0xc ./Sources/main.o
                0x000004d8                main
 .text.__copy_rom_section
                0x000004e4       0xe4 ./Project_Settings/Startup_Code/startup.o
                0x000004e4                __copy_rom_section
 .text.__copy_rom_sections_to_ram
                0x000005c8       0x9c ./Project_Settings/Startup_Code/startup.o
                0x000005c8                __copy_rom_sections_to_ram
 .text.__init_registers
                0x00000664       0x20 ./Project_Settings/Startup_Code/startup.o
                0x00000664                __init_registers
 .text.__init_user
                0x00000684        0xc ./Project_Settings/Startup_Code/startup.o
                0x00000684                __init_user
 .text.__thumb_startup
                0x00000690       0x34 ./Project_Settings/Startup_Code/startup.o
                0x00000690                __thumb_startup
 .text.Cpu_Interrupt
                0x000006c4       0x18 ./Generated_Code/Cpu.o
                0x000006c4                Cpu_Interrupt
 .text.__init_hardware
                0x000006dc      0x1cc ./Generated_Code/Cpu.o
                0x000006dc                __init_hardware
 .text.Cpu_SetBASEPRI
                0x000008a8       0x18 ./Generated_Code/Cpu.o
                0x000008a8                Cpu_SetBASEPRI
 .text.PE_low_level_init
                0x000008c0       0xe4 ./Generated_Code/Cpu.o
                0x000008c0                PE_low_level_init
 .text.FTM0_ISR
                0x000009a4       0xb8 C:\Users\PMcL\Documents\Subjects\48434 Embedded Software\4 Labs\Lab 4\Lab 4 - SPI and ADC\Template\Lab4withLab3Lib\Library\libLab3.a(FTM.o)
                0x000009a4                FTM0_ISR
 .text.PIT_ISR  0x00000a5c       0x40 C:\Users\PMcL\Documents\Subjects\48434 Embedded Software\4 Labs\Lab 4\Lab 4 - SPI and ADC\Template\Lab4withLab3Lib\Library\libLab3.a(PIT.o)
                0x00000a5c                PIT_ISR
 .text.RTC_ISR  0x00000a9c       0x34 C:\Users\PMcL\Documents\Subjects\48434 Embedded Software\4 Labs\Lab 4\Lab 4 - SPI and ADC\Template\Lab4withLab3Lib\Library\libLab3.a(RTC.o)
                0x00000a9c                RTC_ISR
 .text.UART_ISR
                0x00000ad0       0x90 C:\Users\PMcL\Documents\Subjects\48434 Embedded Software\4 Labs\Lab 4\Lab 4 - SPI and ADC\Template\Lab4withLab3Lib\Library\libLab3.a(UART.o)
                0x00000ad0                UART_ISR
 .text.FIFO_Put
                0x00000b60       0xa8 C:\Users\PMcL\Documents\Subjects\48434 Embedded Software\4 Labs\Lab 4\Lab 4 - SPI and ADC\Template\Lab4withLab3Lib\Library\libLab3.a(FIFO.o)
                0x00000b60                FIFO_Put
 .text.FIFO_Get
                0x00000c08       0xa8 C:\Users\PMcL\Documents\Subjects\48434 Embedded Software\4 Labs\Lab 4\Lab 4 - SPI and ADC\Template\Lab4withLab3Lib\Library\libLab3.a(FIFO.o)
                0x00000c08                FIFO_Get
 .text.exit     0x00000cb0       0x28 c:/freescale/kds_3.0.0/toolchain/bin/../lib/gcc/arm-none-eabi/4.8.4/../../../../arm-none-eabi/lib/armv7e-m/fpu\libg_s.a(lib_a-exit.o)
                0x00000cb0                exit
 .text.__libc_init_array
                0x00000cd8       0x4c c:/freescale/kds_3.0.0/toolchain/bin/../lib/gcc/arm-none-eabi/4.8.4/../../../../arm-none-eabi/lib/armv7e-m/fpu\libg_s.a(lib_a-init.o)
                0x00000cd8                __libc_init_array
 .text.memset   0x00000d24       0x10 c:/freescale/kds_3.0.0/toolchain/bin/../lib/gcc/arm-none-eabi/4.8.4/../../../../arm-none-eabi/lib/armv7e-m/fpu\libg_s.a(lib_a-memset.o)
                0x00000d24                memset
 .text._exit    0x00000d34        0x4 c:/freescale/kds_3.0.0/toolchain/bin/../lib/gcc/arm-none-eabi/4.8.4/../../../../arm-none-eabi/lib/armv7e-m/fpu\libnosys.a(_exit.o)
                0x00000d34                _exit
 *(.rodata)
 *(.rodata*)
 .rodata.str1.1
                0x00000d38        0x2 c:/freescale/kds_3.0.0/toolchain/bin/../lib/gcc/arm-none-eabi/4.8.4/../../../../arm-none-eabi/lib/armv7e-m/fpu\libg_s.a(lib_a-impure.o)
 *fill*         0x00000d3a        0x2 
 .rodata._global_impure_ptr
                0x00000d3c        0x4 c:/freescale/kds_3.0.0/toolchain/bin/../lib/gcc/arm-none-eabi/4.8.4/../../../../arm-none-eabi/lib/armv7e-m/fpu\libg_s.a(lib_a-impure.o)
                0x00000d3c                _global_impure_ptr
 *(.glue_7)
 .glue_7        0x00000000        0x0 linker stubs
 *(.glue_7t)
 .glue_7t       0x00000000        0x0 linker stubs
 *(.eh_frame)
 .eh_frame      0x00000d40        0x0 c:/freescale/kds_3.0.0/toolchain/bin/../lib/gcc/arm-none-eabi/4.8.4/armv7e-m/fpu/crtbegin.o
 *(.init)
 .init          0x00000d40        0x4 c:/freescale/kds_3.0.0/toolchain/bin/../lib/gcc/arm-none-eabi/4.8.4/armv7e-m/fpu/crti.o
                0x00000d40                _init
 .init          0x00000d44        0x8 c:/freescale/kds_3.0.0/toolchain/bin/../lib/gcc/arm-none-eabi/4.8.4/armv7e-m/fpu/crtn.o
 *(.fini)
 .fini          0x00000d4c        0x4 c:/freescale/kds_3.0.0/toolchain/bin/../lib/gcc/arm-none-eabi/4.8.4/armv7e-m/fpu/crti.o
                0x00000d4c                _fini
 .fini          0x00000d50        0x8 c:/freescale/kds_3.0.0/toolchain/bin/../lib/gcc/arm-none-eabi/4.8.4/armv7e-m/fpu/crtn.o
                0x00000d58                . = ALIGN (0x4)
                0x00000d58                _etext = .

.vfp11_veneer   0x00000d58        0x0
 .vfp11_veneer  0x00000000        0x0 linker stubs

.v4_bx          0x00000d58        0x0
 .v4_bx         0x00000000        0x0 linker stubs

.iplt           0x00000d58        0x0
 .iplt          0x00000000        0x0 c:/freescale/kds_3.0.0/toolchain/bin/../lib/gcc/arm-none-eabi/4.8.4/armv7e-m/fpu/crtbegin.o

.ARM.extab
 *(.ARM.extab* .gnu.linkonce.armextab.*)

.ARM            0x00000d58        0x8
                0x00000d58                __exidx_start = .
 *(.ARM.exidx*)
 .ARM.exidx     0x00000d58        0x8 c:/freescale/kds_3.0.0/toolchain/bin/../lib/gcc/arm-none-eabi/4.8.4/../../../../arm-none-eabi/lib/armv7e-m/fpu/crt0.o
                0x00000d60                __exidx_end = .

.rel.dyn        0x00000d60        0x0
 .rel.iplt      0x00000000        0x0 c:/freescale/kds_3.0.0/toolchain/bin/../lib/gcc/arm-none-eabi/4.8.4/armv7e-m/fpu/crtbegin.o

.ctors          0x00000d60        0x0
                0x00000d60                __CTOR_LIST__ = .
 *crtbegin.o(.ctors)
 *(EXCLUDE_FILE(*crtend.o) .ctors)
 *(SORT(.ctors.*))
 *(.ctors)
                0x00000d60                __CTOR_END__ = .

.dtors          0x00000d60        0x0
                0x00000d60                __DTOR_LIST__ = .
 *crtbegin.o(.dtors)
 *(EXCLUDE_FILE(*crtend.o) .dtors)
 *(SORT(.dtors.*))
 *(.dtors)
                0x00000d60                __DTOR_END__ = .

.preinit_array  0x00000d60        0x0
                0x00000d60                PROVIDE (__preinit_array_start, .)
 *(.preinit_array*)
                0x00000d60                PROVIDE (__preinit_array_end, .)

.init_array     0x00000d60        0x4
                0x00000d60                PROVIDE (__init_array_start, .)
 *(SORT(.init_array.*))
 *(.init_array*)
 .init_array    0x00000d60        0x4 c:/freescale/kds_3.0.0/toolchain/bin/../lib/gcc/arm-none-eabi/4.8.4/armv7e-m/fpu/crtbegin.o
                0x00000d64                PROVIDE (__init_array_end, .)

.fini_array     0x00000d64        0x4
                0x00000d64                PROVIDE (__fini_array_start, .)
 *(SORT(.fini_array.*))
 *(.fini_array*)
 .fini_array    0x00000d64        0x4 c:/freescale/kds_3.0.0/toolchain/bin/../lib/gcc/arm-none-eabi/4.8.4/armv7e-m/fpu/crtbegin.o
                0x00000d68                PROVIDE (__fini_array_end, .)
                0x00000d68                ___ROM_AT = .

.data           0x1fff0000       0x60 load address 0x00000d68
                0x1fff0000                . = ALIGN (0x4)
                0x1fff0000                _sdata = .
 *(.data)
 *(.data*)
 .data.impure_data
                0x1fff0000       0x60 c:/freescale/kds_3.0.0/toolchain/bin/../lib/gcc/arm-none-eabi/4.8.4/../../../../arm-none-eabi/lib/armv7e-m/fpu\libg_s.a(lib_a-impure.o)
                0x1fff0060                . = ALIGN (0x4)
                0x1fff0060                _edata = .
                0x00000060                ___data_size = (_edata - _sdata)
                0x00000dc8                ___m_data_20000000_ROMStart = (___ROM_AT + SIZEOF (.data))

.jcr            0x1fff0060        0x0 load address 0x00000dc8
 .jcr           0x1fff0060        0x0 c:/freescale/kds_3.0.0/toolchain/bin/../lib/gcc/arm-none-eabi/4.8.4/armv7e-m/fpu/crtbegin.o

.igot.plt       0x1fff0060        0x0 load address 0x00000dc8
 .igot.plt      0x00000000        0x0 c:/freescale/kds_3.0.0/toolchain/bin/../lib/gcc/arm-none-eabi/4.8.4/armv7e-m/fpu/crtbegin.o

.m_data_20000000
                0x20000000        0x0 load address 0x00000dc8
                0x20000000                . = ALIGN (0x4)
                0x20000000                ___m_data_20000000_RAMStart = .
 *(.m_data_20000000)
                0x20000000                ___m_data_20000000_RAMEnd = .
                0x20000000                . = ALIGN (0x4)
                0x00000000                ___m_data_20000000_ROMSize = (___m_data_20000000_RAMEnd - ___m_data_20000000_RAMStart)
                0x20000000                . = ALIGN (0x4)

.bss            0x1fff0060      0x284 load address 0x00000dc8
                0x1fff0060                __START_BSS = .
                0x1fff0060                PROVIDE (__bss_start__, __START_BSS)
 *(.bss)
 .bss           0x1fff0060       0x1c c:/freescale/kds_3.0.0/toolchain/bin/../lib/gcc/arm-none-eabi/4.8.4/armv7e-m/fpu/crtbegin.o
 *(.bss*)
 .bss.SR_lock   0x1fff007c        0x1 ./Generated_Code/Cpu.o
                0x1fff007c                SR_lock
 *fill*         0x1fff007d        0x3 
 .bss.UserFunction
                0x1fff0080       0x20 C:\Users\PMcL\Documents\Subjects\48434 Embedded Software\4 Labs\Lab 4\Lab 4 - SPI and ADC\Template\Lab4withLab3Lib\Library\libLab3.a(FTM.o)
 .bss.UserArguments
                0x1fff00a0       0x20 C:\Users\PMcL\Documents\Subjects\48434 Embedded Software\4 Labs\Lab 4\Lab 4 - SPI and ADC\Template\Lab4withLab3Lib\Library\libLab3.a(FTM.o)
 .bss.UserFunction
                0x1fff00c0        0x4 C:\Users\PMcL\Documents\Subjects\48434 Embedded Software\4 Labs\Lab 4\Lab 4 - SPI and ADC\Template\Lab4withLab3Lib\Library\libLab3.a(PIT.o)
 .bss.UserArguments
                0x1fff00c4        0x4 C:\Users\PMcL\Documents\Subjects\48434 Embedded Software\4 Labs\Lab 4\Lab 4 - SPI and ADC\Template\Lab4withLab3Lib\Library\libLab3.a(PIT.o)
 .bss.UserFunction
                0x1fff00c8        0x4 C:\Users\PMcL\Documents\Subjects\48434 Embedded Software\4 Labs\Lab 4\Lab 4 - SPI and ADC\Template\Lab4withLab3Lib\Library\libLab3.a(RTC.o)
 .bss.UserArguments
                0x1fff00cc        0x4 C:\Users\PMcL\Documents\Subjects\48434 Embedded Software\4 Labs\Lab 4\Lab 4 - SPI and ADC\Template\Lab4withLab3Lib\Library\libLab3.a(RTC.o)
 .bss.TxFIFO    0x1fff00d0      0x108 C:\Users\PMcL\Documents\Subjects\48434 Embedded Software\4 Labs\Lab 4\Lab 4 - SPI and ADC\Template\Lab4withLab3Lib\Library\libLab3.a(UART.o)
 .bss.RxFIFO    0x1fff01d8      0x108 C:\Users\PMcL\Documents\Subjects\48434 Embedded Software\4 Labs\Lab 4\Lab 4 - SPI and ADC\Template\Lab4withLab3Lib\Library\libLab3.a(UART.o)
 *(COMMON)
 COMMON         0x1fff02e0        0x1 ./Generated_Code/Cpu.o
                0x1fff02e0                SR_reg
                0x1fff02e4                . = ALIGN (0x4)
 *fill*         0x1fff02e1        0x3 
                0x1fff02e4                __END_BSS = .
                0x1fff02e4                PROVIDE (__bss_end__, __END_BSS)
                0x00000dc8                _romp_at = ((___ROM_AT + SIZEOF (.data)) + SIZEOF (.m_data_20000000))

.romp           0x1fff02e4       0x24 load address 0x00000dc8
                0x00000dc8                __S_romp = _romp_at
                0x1fff02e4        0x4 LONG 0xd68 ___ROM_AT
                0x1fff02e8        0x4 LONG 0x1fff0000 _sdata
                0x1fff02ec        0x4 LONG 0x60 ___data_size
                0x1fff02f0        0x4 LONG 0xdc8 ___m_data_20000000_ROMStart
                0x1fff02f4        0x4 LONG 0x20000000 ___m_data_20000000_RAMStart
                0x1fff02f8        0x4 LONG 0x0 ___m_data_20000000_ROMSize
                0x1fff02fc        0x4 LONG 0x0
                0x1fff0300        0x4 LONG 0x0
                0x1fff0304        0x4 LONG 0x0

._user_heap_stack
                0x1fff0308      0x400 load address 0x00000dec
                0x1fff0308                . = ALIGN (0x4)
                0x1fff0308                PROVIDE (end, .)
                0x1fff0308                PROVIDE (_end, .)
                0x1fff0308                __heap_addr = .
                0x1fff0308                __HeapBase = .
                0x1fff0308                . = (. + __heap_size)
                0x1fff0308                __HeapLimit = .
                0x1fff0708                . = (. + __stack_size)
 *fill*         0x1fff0308      0x400 
                0x1fff0708                . = ALIGN (0x4)

.ARM.attributes
                0x00000000       0x30
 *(.ARM.attributes)
 .ARM.attributes
                0x00000000       0x22 c:/freescale/kds_3.0.0/toolchain/bin/../lib/gcc/arm-none-eabi/4.8.4/armv7e-m/fpu/crti.o
 .ARM.attributes
                0x00000022       0x34 c:/freescale/kds_3.0.0/toolchain/bin/../lib/gcc/arm-none-eabi/4.8.4/armv7e-m/fpu/crtbegin.o
 .ARM.attributes
                0x00000056       0x20 c:/freescale/kds_3.0.0/toolchain/bin/../lib/gcc/arm-none-eabi/4.8.4/../../../../arm-none-eabi/lib/armv7e-m/fpu/crt0.o
 .ARM.attributes
                0x00000076       0x39 ./Sources/main.o
 .ARM.attributes
                0x000000af       0x39 ./Project_Settings/Startup_Code/startup.o
 .ARM.attributes
                0x000000e8       0x39 ./Generated_Code/Cpu.o
 .ARM.attributes
                0x00000121       0x39 ./Generated_Code/Vectors.o
 .ARM.attributes
                0x0000015a       0x39 C:\Users\PMcL\Documents\Subjects\48434 Embedded Software\4 Labs\Lab 4\Lab 4 - SPI and ADC\Template\Lab4withLab3Lib\Library\libLab3.a(FTM.o)
 .ARM.attributes
                0x00000193       0x39 C:\Users\PMcL\Documents\Subjects\48434 Embedded Software\4 Labs\Lab 4\Lab 4 - SPI and ADC\Template\Lab4withLab3Lib\Library\libLab3.a(PIT.o)
 .ARM.attributes
                0x000001cc       0x39 C:\Users\PMcL\Documents\Subjects\48434 Embedded Software\4 Labs\Lab 4\Lab 4 - SPI and ADC\Template\Lab4withLab3Lib\Library\libLab3.a(RTC.o)
 .ARM.attributes
                0x00000205       0x39 C:\Users\PMcL\Documents\Subjects\48434 Embedded Software\4 Labs\Lab 4\Lab 4 - SPI and ADC\Template\Lab4withLab3Lib\Library\libLab3.a(UART.o)
 .ARM.attributes
                0x0000023e       0x39 C:\Users\PMcL\Documents\Subjects\48434 Embedded Software\4 Labs\Lab 4\Lab 4 - SPI and ADC\Template\Lab4withLab3Lib\Library\libLab3.a(FIFO.o)
 .ARM.attributes
                0x00000277       0x34 c:/freescale/kds_3.0.0/toolchain/bin/../lib/gcc/arm-none-eabi/4.8.4/../../../../arm-none-eabi/lib/armv7e-m/fpu\libg_s.a(lib_a-exit.o)
 .ARM.attributes
                0x000002ab       0x34 c:/freescale/kds_3.0.0/toolchain/bin/../lib/gcc/arm-none-eabi/4.8.4/../../../../arm-none-eabi/lib/armv7e-m/fpu\libg_s.a(lib_a-impure.o)
 .ARM.attributes
                0x000002df       0x34 c:/freescale/kds_3.0.0/toolchain/bin/../lib/gcc/arm-none-eabi/4.8.4/../../../../arm-none-eabi/lib/armv7e-m/fpu\libg_s.a(lib_a-init.o)
 .ARM.attributes
                0x00000313       0x34 c:/freescale/kds_3.0.0/toolchain/bin/../lib/gcc/arm-none-eabi/4.8.4/../../../../arm-none-eabi/lib/armv7e-m/fpu\libg_s.a(lib_a-memset.o)
 .ARM.attributes
                0x00000347       0x34 c:/freescale/kds_3.0.0/toolchain/bin/../lib/gcc/arm-none-eabi/4.8.4/../../../../arm-none-eabi/lib/armv7e-m/fpu\libnosys.a(_exit.o)
 .ARM.attributes
                0x0000037b       0x22 c:/freescale/kds_3.0.0/toolchain/bin/../lib/gcc/arm-none-eabi/4.8.4/armv7e-m/fpu/crtn.o
OUTPUT(Lab4.elf elf32-littlearm)

.debug_info     0x00000000     0x3093
 .debug_info    0x00000000       0x9a ./Sources/main.o
 .debug_info    0x0000009a      0x3b0 ./Project_Settings/Startup_Code/startup.o
 .debug_info    0x0000044a      0xc82 ./Generated_Code/Cpu.o
 .debug_info    0x000010cc      0x10f ./Generated_Code/Vectors.o
 .debug_info    0x000011db      0x761 C:\Users\PMcL\Documents\Subjects\48434 Embedded Software\4 Labs\Lab 4\Lab 4 - SPI and ADC\Template\Lab4withLab3Lib\Library\libLab3.a(FTM.o)
 .debug_info    0x0000193c      0x57a C:\Users\PMcL\Documents\Subjects\48434 Embedded Software\4 Labs\Lab 4\Lab 4 - SPI and ADC\Template\Lab4withLab3Lib\Library\libLab3.a(PIT.o)
 .debug_info    0x00001eb6      0x608 C:\Users\PMcL\Documents\Subjects\48434 Embedded Software\4 Labs\Lab 4\Lab 4 - SPI and ADC\Template\Lab4withLab3Lib\Library\libLab3.a(RTC.o)
 .debug_info    0x000024be      0x999 C:\Users\PMcL\Documents\Subjects\48434 Embedded Software\4 Labs\Lab 4\Lab 4 - SPI and ADC\Template\Lab4withLab3Lib\Library\libLab3.a(UART.o)
 .debug_info    0x00002e57      0x23c C:\Users\PMcL\Documents\Subjects\48434 Embedded Software\4 Labs\Lab 4\Lab 4 - SPI and ADC\Template\Lab4withLab3Lib\Library\libLab3.a(FIFO.o)

.debug_abbrev   0x00000000      0xb0d
 .debug_abbrev  0x00000000       0x47 ./Sources/main.o
 .debug_abbrev  0x00000047      0x189 ./Project_Settings/Startup_Code/startup.o
 .debug_abbrev  0x000001d0      0x185 ./Generated_Code/Cpu.o
 .debug_abbrev  0x00000355       0xa4 ./Generated_Code/Vectors.o
 .debug_abbrev  0x000003f9      0x1b1 C:\Users\PMcL\Documents\Subjects\48434 Embedded Software\4 Labs\Lab 4\Lab 4 - SPI and ADC\Template\Lab4withLab3Lib\Library\libLab3.a(FTM.o)
 .debug_abbrev  0x000005aa      0x154 C:\Users\PMcL\Documents\Subjects\48434 Embedded Software\4 Labs\Lab 4\Lab 4 - SPI and ADC\Template\Lab4withLab3Lib\Library\libLab3.a(PIT.o)
 .debug_abbrev  0x000006fe      0x15f C:\Users\PMcL\Documents\Subjects\48434 Embedded Software\4 Labs\Lab 4\Lab 4 - SPI and ADC\Template\Lab4withLab3Lib\Library\libLab3.a(RTC.o)
 .debug_abbrev  0x0000085d      0x1b4 C:\Users\PMcL\Documents\Subjects\48434 Embedded Software\4 Labs\Lab 4\Lab 4 - SPI and ADC\Template\Lab4withLab3Lib\Library\libLab3.a(UART.o)
 .debug_abbrev  0x00000a11       0xfc C:\Users\PMcL\Documents\Subjects\48434 Embedded Software\4 Labs\Lab 4\Lab 4 - SPI and ADC\Template\Lab4withLab3Lib\Library\libLab3.a(FIFO.o)

.debug_aranges  0x00000000      0x1d8
 .debug_aranges
                0x00000000       0x20 ./Sources/main.o
 .debug_aranges
                0x00000020       0x50 ./Project_Settings/Startup_Code/startup.o
 .debug_aranges
                0x00000070       0x38 ./Generated_Code/Cpu.o
 .debug_aranges
                0x000000a8       0x18 ./Generated_Code/Vectors.o
 .debug_aranges
                0x000000c0       0x38 C:\Users\PMcL\Documents\Subjects\48434 Embedded Software\4 Labs\Lab 4\Lab 4 - SPI and ADC\Template\Lab4withLab3Lib\Library\libLab3.a(FTM.o)
 .debug_aranges
                0x000000f8       0x38 C:\Users\PMcL\Documents\Subjects\48434 Embedded Software\4 Labs\Lab 4\Lab 4 - SPI and ADC\Template\Lab4withLab3Lib\Library\libLab3.a(PIT.o)
 .debug_aranges
                0x00000130       0x38 C:\Users\PMcL\Documents\Subjects\48434 Embedded Software\4 Labs\Lab 4\Lab 4 - SPI and ADC\Template\Lab4withLab3Lib\Library\libLab3.a(RTC.o)
 .debug_aranges
                0x00000168       0x40 C:\Users\PMcL\Documents\Subjects\48434 Embedded Software\4 Labs\Lab 4\Lab 4 - SPI and ADC\Template\Lab4withLab3Lib\Library\libLab3.a(UART.o)
 .debug_aranges
                0x000001a8       0x30 C:\Users\PMcL\Documents\Subjects\48434 Embedded Software\4 Labs\Lab 4\Lab 4 - SPI and ADC\Template\Lab4withLab3Lib\Library\libLab3.a(FIFO.o)

.debug_ranges   0x00000000      0x140
 .debug_ranges  0x00000000       0x10 ./Sources/main.o
 .debug_ranges  0x00000010       0x40 ./Project_Settings/Startup_Code/startup.o
 .debug_ranges  0x00000050       0x28 ./Generated_Code/Cpu.o
 .debug_ranges  0x00000078       0x28 C:\Users\PMcL\Documents\Subjects\48434 Embedded Software\4 Labs\Lab 4\Lab 4 - SPI and ADC\Template\Lab4withLab3Lib\Library\libLab3.a(FTM.o)
 .debug_ranges  0x000000a0       0x28 C:\Users\PMcL\Documents\Subjects\48434 Embedded Software\4 Labs\Lab 4\Lab 4 - SPI and ADC\Template\Lab4withLab3Lib\Library\libLab3.a(PIT.o)
 .debug_ranges  0x000000c8       0x28 C:\Users\PMcL\Documents\Subjects\48434 Embedded Software\4 Labs\Lab 4\Lab 4 - SPI and ADC\Template\Lab4withLab3Lib\Library\libLab3.a(RTC.o)
 .debug_ranges  0x000000f0       0x30 C:\Users\PMcL\Documents\Subjects\48434 Embedded Software\4 Labs\Lab 4\Lab 4 - SPI and ADC\Template\Lab4withLab3Lib\Library\libLab3.a(UART.o)
 .debug_ranges  0x00000120       0x20 C:\Users\PMcL\Documents\Subjects\48434 Embedded Software\4 Labs\Lab 4\Lab 4 - SPI and ADC\Template\Lab4withLab3Lib\Library\libLab3.a(FIFO.o)

.debug_macro    0x00000000    0x33860
 .debug_macro   0x00000000       0x95 ./Sources/main.o
 .debug_macro   0x00000095      0x850 ./Sources/main.o
 .debug_macro   0x000008e5       0x16 ./Sources/main.o
 .debug_macro   0x000008fb       0x44 ./Sources/main.o
 .debug_macro   0x0000093f      0x209 ./Sources/main.o
 .debug_macro   0x00000b48     0x1816 ./Sources/main.o
 .debug_macro   0x0000235e      0x14e ./Sources/main.o
 .debug_macro   0x000024ac       0x64 ./Sources/main.o
 .debug_macro   0x00002510    0x174c1 ./Sources/main.o
 .debug_macro   0x000199d1       0x9a ./Sources/main.o
 .debug_macro   0x00019a6b      0x121 ./Project_Settings/Startup_Code/startup.o
 .debug_macro   0x00019b8c       0x58 ./Project_Settings/Startup_Code/startup.o
 .debug_macro   0x00019be4       0x35 ./Project_Settings/Startup_Code/startup.o
 .debug_macro   0x00019c19       0xa3 ./Project_Settings/Startup_Code/startup.o
 .debug_macro   0x00019cbc      0x166 ./Project_Settings/Startup_Code/startup.o
 .debug_macro   0x00019e22       0x4a ./Project_Settings/Startup_Code/startup.o
 .debug_macro   0x00019e6c       0x52 ./Project_Settings/Startup_Code/startup.o
 .debug_macro   0x00019ebe       0x16 ./Project_Settings/Startup_Code/startup.o
 .debug_macro   0x00019ed4       0x43 ./Project_Settings/Startup_Code/startup.o
 .debug_macro   0x00019f17      0x180 ./Project_Settings/Startup_Code/startup.o
 .debug_macro   0x0001a097      0x2a6 ./Project_Settings/Startup_Code/startup.o
 .debug_macro   0x0001a33d       0x10 ./Project_Settings/Startup_Code/startup.o
 .debug_macro   0x0001a34d       0x35 ./Project_Settings/Startup_Code/startup.o
 .debug_macro   0x0001a382       0x16 ./Project_Settings/Startup_Code/startup.o
 .debug_macro   0x0001a398       0x22 ./Project_Settings/Startup_Code/startup.o
 .debug_macro   0x0001a3ba       0x16 ./Project_Settings/Startup_Code/startup.o
 .debug_macro   0x0001a3d0      0x20f ./Project_Settings/Startup_Code/startup.o
 .debug_macro   0x0001a5df    0x174af ./Project_Settings/Startup_Code/startup.o
 .debug_macro   0x00031a8e       0x84 ./Generated_Code/Cpu.o
 .debug_macro   0x00031b12       0xa0 ./Generated_Code/Cpu.o
 .debug_macro   0x00031bb2       0xc0 ./Generated_Code/Vectors.o
 .debug_macro   0x00031c72       0x22 ./Generated_Code/Vectors.o
 .debug_macro   0x00031c94       0xbf C:\Users\PMcL\Documents\Subjects\48434 Embedded Software\4 Labs\Lab 4\Lab 4 - SPI and ADC\Template\Lab4withLab3Lib\Library\libLab3.a(FTM.o)
 .debug_macro   0x00031d53     0x1800 C:\Users\PMcL\Documents\Subjects\48434 Embedded Software\4 Labs\Lab 4\Lab 4 - SPI and ADC\Template\Lab4withLab3Lib\Library\libLab3.a(FTM.o)
 .debug_macro   0x00033553       0x72 C:\Users\PMcL\Documents\Subjects\48434 Embedded Software\4 Labs\Lab 4\Lab 4 - SPI and ADC\Template\Lab4withLab3Lib\Library\libLab3.a(PIT.o)
 .debug_macro   0x000335c5       0xa4 C:\Users\PMcL\Documents\Subjects\48434 Embedded Software\4 Labs\Lab 4\Lab 4 - SPI and ADC\Template\Lab4withLab3Lib\Library\libLab3.a(RTC.o)
 .debug_macro   0x00033669       0x94 C:\Users\PMcL\Documents\Subjects\48434 Embedded Software\4 Labs\Lab 4\Lab 4 - SPI and ADC\Template\Lab4withLab3Lib\Library\libLab3.a(RTC.o)
 .debug_macro   0x000336fd       0xad C:\Users\PMcL\Documents\Subjects\48434 Embedded Software\4 Labs\Lab 4\Lab 4 - SPI and ADC\Template\Lab4withLab3Lib\Library\libLab3.a(UART.o)
 .debug_macro   0x000337aa       0x10 C:\Users\PMcL\Documents\Subjects\48434 Embedded Software\4 Labs\Lab 4\Lab 4 - SPI and ADC\Template\Lab4withLab3Lib\Library\libLab3.a(UART.o)
 .debug_macro   0x000337ba       0xa6 C:\Users\PMcL\Documents\Subjects\48434 Embedded Software\4 Labs\Lab 4\Lab 4 - SPI and ADC\Template\Lab4withLab3Lib\Library\libLab3.a(FIFO.o)

.debug_line     0x00000000     0x1860
 .debug_line    0x00000000      0x2cb ./Sources/main.o
 .debug_line    0x000002cb      0x466 ./Project_Settings/Startup_Code/startup.o
 .debug_line    0x00000731      0x2c4 ./Generated_Code/Cpu.o
 .debug_line    0x000009f5      0x2f6 ./Generated_Code/Vectors.o
 .debug_line    0x00000ceb      0x222 C:\Users\PMcL\Documents\Subjects\48434 Embedded Software\4 Labs\Lab 4\Lab 4 - SPI and ADC\Template\Lab4withLab3Lib\Library\libLab3.a(FTM.o)
 .debug_line    0x00000f0d      0x1fd C:\Users\PMcL\Documents\Subjects\48434 Embedded Software\4 Labs\Lab 4\Lab 4 - SPI and ADC\Template\Lab4withLab3Lib\Library\libLab3.a(PIT.o)
 .debug_line    0x0000110a      0x25d C:\Users\PMcL\Documents\Subjects\48434 Embedded Software\4 Labs\Lab 4\Lab 4 - SPI and ADC\Template\Lab4withLab3Lib\Library\libLab3.a(RTC.o)
 .debug_line    0x00001367      0x299 C:\Users\PMcL\Documents\Subjects\48434 Embedded Software\4 Labs\Lab 4\Lab 4 - SPI and ADC\Template\Lab4withLab3Lib\Library\libLab3.a(UART.o)
 .debug_line    0x00001600      0x260 C:\Users\PMcL\Documents\Subjects\48434 Embedded Software\4 Labs\Lab 4\Lab 4 - SPI and ADC\Template\Lab4withLab3Lib\Library\libLab3.a(FIFO.o)

.debug_str      0x00000000    0x8d6b8
 .debug_str     0x00000000    0x8a569 ./Sources/main.o
                              0x8a6b3 (size before relaxing)
 .debug_str     0x0008a569     0x269e ./Project_Settings/Startup_Code/startup.o
                              0x85439 (size before relaxing)
 .debug_str     0x0008cc07      0x377 ./Generated_Code/Cpu.o
                              0x8aae5 (size before relaxing)
 .debug_str     0x0008cf7e       0x7f ./Generated_Code/Vectors.o
                              0x8a771 (size before relaxing)
 .debug_str     0x0008cffd      0x3ba C:\Users\PMcL\Documents\Subjects\48434 Embedded Software\4 Labs\Lab 4\Lab 4 - SPI and ADC\Template\Lab4withLab3Lib\Library\libLab3.a(FTM.o)
                              0x8a2a8 (size before relaxing)
 .debug_str     0x0008d3b7       0xa1 C:\Users\PMcL\Documents\Subjects\48434 Embedded Software\4 Labs\Lab 4\Lab 4 - SPI and ADC\Template\Lab4withLab3Lib\Library\libLab3.a(PIT.o)
                              0x82f5f (size before relaxing)
 .debug_str     0x0008d458       0x7f C:\Users\PMcL\Documents\Subjects\48434 Embedded Software\4 Labs\Lab 4\Lab 4 - SPI and ADC\Template\Lab4withLab3Lib\Library\libLab3.a(RTC.o)
                              0x8a848 (size before relaxing)
 .debug_str     0x0008d4d7      0x1b3 C:\Users\PMcL\Documents\Subjects\48434 Embedded Software\4 Labs\Lab 4\Lab 4 - SPI and ADC\Template\Lab4withLab3Lib\Library\libLab3.a(UART.o)
                              0x8a9c4 (size before relaxing)
 .debug_str     0x0008d68a       0x2e C:\Users\PMcL\Documents\Subjects\48434 Embedded Software\4 Labs\Lab 4\Lab 4 - SPI and ADC\Template\Lab4withLab3Lib\Library\libLab3.a(FIFO.o)
                              0x8a6ef (size before relaxing)

.comment        0x00000000       0x70
 .comment       0x00000000       0x70 ./Sources/main.o
                                 0x71 (size before relaxing)
 .comment       0x00000000       0x71 ./Project_Settings/Startup_Code/startup.o
 .comment       0x00000000       0x71 ./Generated_Code/Cpu.o
 .comment       0x00000000       0x71 ./Generated_Code/Vectors.o
 .comment       0x00000000       0x71 C:\Users\PMcL\Documents\Subjects\48434 Embedded Software\4 Labs\Lab 4\Lab 4 - SPI and ADC\Template\Lab4withLab3Lib\Library\libLab3.a(FTM.o)
 .comment       0x00000000       0x71 C:\Users\PMcL\Documents\Subjects\48434 Embedded Software\4 Labs\Lab 4\Lab 4 - SPI and ADC\Template\Lab4withLab3Lib\Library\libLab3.a(PIT.o)
 .comment       0x00000000       0x71 C:\Users\PMcL\Documents\Subjects\48434 Embedded Software\4 Labs\Lab 4\Lab 4 - SPI and ADC\Template\Lab4withLab3Lib\Library\libLab3.a(RTC.o)
 .comment       0x00000000       0x71 C:\Users\PMcL\Documents\Subjects\48434 Embedded Software\4 Labs\Lab 4\Lab 4 - SPI and ADC\Template\Lab4withLab3Lib\Library\libLab3.a(UART.o)
 .comment       0x00000000       0x71 C:\Users\PMcL\Documents\Subjects\48434 Embedded Software\4 Labs\Lab 4\Lab 4 - SPI and ADC\Template\Lab4withLab3Lib\Library\libLab3.a(FIFO.o)

.debug_frame    0x00000000      0x4a8
 .debug_frame   0x00000000       0x2c ./Sources/main.o
 .debug_frame   0x0000002c       0xc0 ./Project_Settings/Startup_Code/startup.o
 .debug_frame   0x000000ec       0x80 ./Generated_Code/Cpu.o
 .debug_frame   0x0000016c       0x84 C:\Users\PMcL\Documents\Subjects\48434 Embedded Software\4 Labs\Lab 4\Lab 4 - SPI and ADC\Template\Lab4withLab3Lib\Library\libLab3.a(FTM.o)
 .debug_frame   0x000001f0       0x88 C:\Users\PMcL\Documents\Subjects\48434 Embedded Software\4 Labs\Lab 4\Lab 4 - SPI and ADC\Template\Lab4withLab3Lib\Library\libLab3.a(PIT.o)
 .debug_frame   0x00000278       0x88 C:\Users\PMcL\Documents\Subjects\48434 Embedded Software\4 Labs\Lab 4\Lab 4 - SPI and ADC\Template\Lab4withLab3Lib\Library\libLab3.a(RTC.o)
 .debug_frame   0x00000300       0xb0 C:\Users\PMcL\Documents\Subjects\48434 Embedded Software\4 Labs\Lab 4\Lab 4 - SPI and ADC\Template\Lab4withLab3Lib\Library\libLab3.a(UART.o)
 .debug_frame   0x000003b0       0x64 C:\Users\PMcL\Documents\Subjects\48434 Embedded Software\4 Labs\Lab 4\Lab 4 - SPI and ADC\Template\Lab4withLab3Lib\Library\libLab3.a(FIFO.o)
 .debug_frame   0x00000414       0x28 c:/freescale/kds_3.0.0/toolchain/bin/../lib/gcc/arm-none-eabi/4.8.4/../../../../arm-none-eabi/lib/armv7e-m/fpu\libg_s.a(lib_a-exit.o)
 .debug_frame   0x0000043c       0x2c c:/freescale/kds_3.0.0/toolchain/bin/../lib/gcc/arm-none-eabi/4.8.4/../../../../arm-none-eabi/lib/armv7e-m/fpu\libg_s.a(lib_a-init.o)
 .debug_frame   0x00000468       0x20 c:/freescale/kds_3.0.0/toolchain/bin/../lib/gcc/arm-none-eabi/4.8.4/../../../../arm-none-eabi/lib/armv7e-m/fpu\libg_s.a(lib_a-memset.o)
 .debug_frame   0x00000488       0x20 c:/freescale/kds_3.0.0/toolchain/bin/../lib/gcc/arm-none-eabi/4.8.4/../../../../arm-none-eabi/lib/armv7e-m/fpu\libnosys.a(_exit.o)
